Component: ARM Compiler 5.06 update 6 (build 750) Tool: armlink [4d35ed]

==============================================================================

Section Cross References

    adc_conf.o(.text) refers to stm32f4xx_rcc.o(.text) for RCC_AHB1PeriphClockCmd
    adc_conf.o(.text) refers to stm32f4xx_dma.o(.text) for DMA_Init
    adc_conf.o(.text) refers to stm32f4xx_gpio.o(.text) for GPIO_Init
    adc_conf.o(.text) refers to stm32f4xx_adc.o(.text) for ADC_CommonInit
    adc_conf.o(.text) refers to main.o(.bss) for aTxBuffer
    main.o(.text) refers to stm32f4xx_tim.o(.text) for TIM_Cmd
    main.o(.text) refers to timer_conf.o(.text) for TIM_ICG_SH_conf
    main.o(.text) refers to misc.o(.text) for NVIC_PriorityGroupConfig
    main.o(.text) refers to stm32f4xx_rcc.o(.text) for RCC_AHB1PeriphClockCmd
    main.o(.text) refers to stm32f4xx_gpio.o(.text) for GPIO_Init
    main.o(.text) refers to uart_conf.o(.text) for USART2_conf
    main.o(.text) refers to stm32f4xx_usart.o(.text) for USART_GetFlagStatus
    main.o(.text) refers to adc_conf.o(.text) for ADC1_conf
    main.o(.text) refers to delay.o(.text) for delay_init
    main.o(.text) refers to key.o(.text) for KEY_Init
    main.o(.text) refers to kalman.o(.text) for kalman_init
    main.o(.text) refers to myiic.o(.text) for IIC_Init
    main.o(.text) refers to wer_task.o(.text) for oled_AllInit
    main.o(.text) refers to sht30.o(.text) for start_mesure
    main.o(.text) refers to main.o(.data) for ICG_period
    main.o(.text) refers to main.o(.bss) for rec_data
    main.o(.text) refers to stm32f4xx_it.o(.data) for isalerted
    stm32f4xx_it.o(.text) refers to delay.o(.text) for delay_ms
    stm32f4xx_it.o(.text) refers to stm32f4xx_exti.o(.text) for EXTI_GetITStatus
    stm32f4xx_it.o(.text) refers to stm32f4xx_gpio.o(.text) for GPIO_SetBits
    stm32f4xx_it.o(.text) refers to stm32f4xx_dma.o(.text) for DMA_GetITStatus
    stm32f4xx_it.o(.text) refers to uart_conf.o(.text) for sort_aRxBuffer
    stm32f4xx_it.o(.text) refers to stm32f4xx_tim.o(.text) for TIM_GetITStatus
    stm32f4xx_it.o(.text) refers to stm32f4xx_it.o(.data) for isalert
    stm32f4xx_it.o(.text) refers to main.o(.bss) for nRxBuffer
    stm32f4xx_it.o(.text) refers to main.o(.data) for change_exposure_flag
    system_stm32f4xx.o(.text) refers to system_stm32f4xx.o(.data) for SystemCoreClock
    timer_conf.o(.text) refers to rt_memcpy_w.o(.text) for __aeabi_memcpy4
    timer_conf.o(.text) refers to stm32f4xx_rcc.o(.text) for RCC_APB1PeriphClockCmd
    timer_conf.o(.text) refers to stm32f4xx_gpio.o(.text) for GPIO_Init
    timer_conf.o(.text) refers to stm32f4xx_tim.o(.text) for TIM_TimeBaseInit
    timer_conf.o(.text) refers to timer_conf.o(.constdata) for .constdata
    timer_conf.o(.text) refers to system_stm32f4xx.o(.data) for SystemCoreClock
    timer_conf.o(.text) refers to timer_conf.o(.data) for apb1_freq
    timer_conf.o(.text) refers to main.o(.data) for ICG_period
    uart_conf.o(.text) refers to stm32f4xx_rcc.o(.text) for RCC_APB1PeriphClockCmd
    uart_conf.o(.text) refers to stm32f4xx_gpio.o(.text) for GPIO_PinAFConfig
    uart_conf.o(.text) refers to stm32f4xx_usart.o(.text) for USART_Init
    uart_conf.o(.text) refers to stm32f4xx_dma.o(.text) for DMA_Init
    uart_conf.o(.text) refers to main.o(.bss) for aRxBuffer
    stm324xg_eval.o(.text) refers to stm32f4xx_rcc.o(.text) for RCC_AHB1PeriphClockCmd
    stm324xg_eval.o(.text) refers to stm32f4xx_gpio.o(.text) for GPIO_Init
    stm324xg_eval.o(.text) refers to stm32f4xx_syscfg.o(.text) for SYSCFG_EXTILineConfig
    stm324xg_eval.o(.text) refers to stm32f4xx_exti.o(.text) for EXTI_Init
    stm324xg_eval.o(.text) refers to misc.o(.text) for NVIC_Init
    stm324xg_eval.o(.text) refers to stm32f4xx_usart.o(.text) for USART_Init
    stm324xg_eval.o(.text) refers to stm32f4xx_sdio.o(.text) for SDIO_ClockCmd
    stm324xg_eval.o(.text) refers to stm32f4xx_dma.o(.text) for DMA_ClearFlag
    stm324xg_eval.o(.text) refers to stm324xg_eval.o(.constdata) for GPIO_CLK
    stm324xg_eval.o(.text) refers to stm324xg_eval.o(.data) for GPIO_PORT
    stm324xg_eval.o(.text) refers to stm32f4xx_i2c.o(.text) for I2C_Cmd
    stm324xg_eval.o(.text) refers to stm324xg_eval.o(.bss) for sEEDMA_InitStructure
    wer_task.o(.text) refers to uart_conf.o(.text) for wer_send
    wer_task.o(.text) refers to oled.o(.text) for OLED_ShowNum
    wer_task.o(.text) refers to delay.o(.text) for delay_ms
    wer_task.o(.text) refers to wer_task.o(.data) for BMP1
    delay.o(.text) refers to misc.o(.text) for SysTick_CLKSourceConfig
    delay.o(.text) refers to delay.o(.data) for fac_us
    wer_delay.o(.text) refers to stm32f4xx_rcc.o(.text) for RCC_GetClocksFreq
    wer_delay.o(.text) refers to wer_delay.o(.data) for per_ms
    kalman.o(.text) refers to dflt_clz.o(x$fpl$dfltu) for __aeabi_ui2d
    kalman.o(.text) refers to daddsub_clz.o(x$fpl$dadd) for __aeabi_dadd
    kalman.o(.text) refers to ddiv.o(x$fpl$ddiv) for __aeabi_ddiv
[...]
    ../clib/signal.s                         0x00000000   Number         0  defsig.o ABSOLUTE
    ../clib/stdlib.c                         0x00000000   Number         0  exit.o ABSOLUTE
    ../fplib/daddsub.s                       0x00000000   Number         0  daddsub_clz.o ABSOLUTE
    ../fplib/ddiv.s                          0x00000000   Number         0  ddiv.o ABSOLUTE
    ../fplib/dfixu.s                         0x00000000   Number         0  dfixu.o ABSOLUTE
    ../fplib/dflt.s                          0x00000000   Number         0  dflt_clz.o ABSOLUTE
    ../fplib/dnaninf.s                       0x00000000   Number         0  dnaninf.o ABSOLUTE
    ../fplib/dretinf.s                       0x00000000   Number         0  dretinf.o ABSOLUTE
    ../fplib/fpinit.s                        0x00000000   Number         0  fpinit.o ABSOLUTE
    ../fplib/usenofp.s                       0x00000000   Number         0  usenofp.o ABSOLUTE
    ..\CORE\startup_stm32f40_41xxx.s         0x00000000   Number         0  startup_stm32f40_41xxx.o ABSOLUTE
    ..\FWLIB\src\misc.c                      0x00000000   Number         0  misc.o ABSOLUTE
    ..\FWLIB\src\stm32f4xx_adc.c             0x00000000   Number         0  stm32f4xx_adc.o ABSOLUTE
    ..\FWLIB\src\stm32f4xx_dma.c             0x00000000   Number         0  stm32f4xx_dma.o ABSOLUTE
    ..\FWLIB\src\stm32f4xx_exti.c            0x00000000   Number         0  stm32f4xx_exti.o ABSOLUTE
    ..\FWLIB\src\stm32f4xx_gpio.c            0x00000000   Number         0  stm32f4xx_gpio.o ABSOLUTE
    ..\FWLIB\src\stm32f4xx_i2c.c             0x00000000   Number         0  stm32f4xx_i2c.o ABSOLUTE
    ..\FWLIB\src\stm32f4xx_rcc.c             0x00000000   Number         0  stm32f4xx_rcc.o ABSOLUTE
    ..\FWLIB\src\stm32f4xx_sdio.c            0x00000000   Number         0  stm32f4xx_sdio.o ABSOLUTE
    ..\FWLIB\src\stm32f4xx_syscfg.c          0x00000000   Number         0  stm32f4xx_syscfg.o ABSOLUTE
    ..\FWLIB\src\stm32f4xx_tim.c             0x00000000   Number         0  stm32f4xx_tim.o ABSOLUTE
    ..\FWLIB\src\stm32f4xx_usart.c           0x00000000   Number         0  stm32f4xx_usart.o ABSOLUTE
    ..\HARDWARE\KEY\key.c                    0x00000000   Number         0  key.o ABSOLUTE
    ..\HARDWARE\OLED\oled.c                  0x00000000   Number         0  oled.o ABSOLUTE
    ..\HARDWARE\calman\kalman.c              0x00000000   Number         0  kalman.o ABSOLUTE
    ..\HARDWARE\delay\delay.c                0x00000000   Number         0  delay.o ABSOLUTE
    ..\HARDWARE\sht30\myiic.c                0x00000000   Number         0  myiic.o ABSOLUTE
    ..\HARDWARE\sht30\sht30.c                0x00000000   Number         0  sht30.o ABSOLUTE
    ..\\FWLIB\\src\\misc.c                   0x00000000   Number         0  misc.o ABSOLUTE
    ..\\FWLIB\\src\\stm32f4xx_adc.c          0x00000000   Number         0  stm32f4xx_adc.o ABSOLUTE
    ..\\FWLIB\\src\\stm32f4xx_dma.c          0x00000000   Number         0  stm32f4xx_dma.o ABSOLUTE
    ..\\FWLIB\\src\\stm32f4xx_exti.c         0x00000000   Number         0  stm32f4xx_exti.o ABSOLUTE
    ..\\FWLIB\\src\\stm32f4xx_gpio.c         0x00000000   Number         0  stm32f4xx_gpio.o ABSOLUTE
    ..\\FWLIB\\src\\stm32f4xx_i2c.c          0x00000000   Number         0  stm32f4xx_i2c.o ABSOLUTE
    ..\\FWLIB\\src\\stm32f4xx_rcc.c          0x00000000   Number         0  stm32f4xx_rcc.o ABSOLUTE
    ..\\FWLIB\\src\\stm32f4xx_sdio.c         0x00000000   Number         0  stm32f4xx_sdio.o ABSOLUTE
    ..\\FWLIB\\src\\stm32f4xx_syscfg.c       0x00000000   Number         0  stm32f4xx_syscfg.o ABSOLUTE
    ..\\FWLIB\\src\\stm32f4xx_tim.c          0x00000000   Number         0  stm32f4xx_tim.o ABSOLUTE
    ..\\FWLIB\\src\\stm32f4xx_usart.c        0x00000000   Number         0  stm32f4xx_usart.o ABSOLUTE
    ..\\HARDWARE\\KEY\\key.c                 0x00000000   Number         0  key.o ABSOLUTE
    ..\\HARDWARE\\OLED\\oled.c               0x00000000   Number         0  oled.o ABSOLUTE
    ..\\HARDWARE\\calman\\kalman.c           0x00000000   Number         0  kalman.o ABSOLUTE
    ..\\HARDWARE\\delay\\delay.c             0x00000000   Number         0  delay.o ABSOLUTE
    ..\\HARDWARE\\sht30\\myiic.c             0x00000000   Number         0  myiic.o ABSOLUTE
    ..\\HARDWARE\\sht30\\sht30.c             0x00000000   Number         0  sht30.o ABSOLUTE
    ..\\ccd\\ADC_conf.c                      0x00000000   Number         0  adc_conf.o ABSOLUTE
    ..\\ccd\\UART_conf.c                     0x00000000   Number         0  uart_conf.o ABSOLUTE
    ..\\ccd\\main.c                          0x00000000   Number         0  main.o ABSOLUTE
    ..\\ccd\\stm324xg_eval.c                 0x00000000   Number         0  stm324xg_eval.o ABSOLUTE
    ..\\ccd\\stm32f4xx_it.c                  0x00000000   Number         0  stm32f4xx_it.o ABSOLUTE
    ..\\ccd\\system_stm32f4xx.c              0x00000000   Number         0  system_stm32f4xx.o ABSOLUTE
    ..\\ccd\\timer_conf.c                    0x00000000   Number         0  timer_conf.o ABSOLUTE
    ..\ccd\ADC_conf.c                        0x00000000   Number         0  adc_conf.o ABSOLUTE
    ..\ccd\UART_conf.c                       0x00000000   Number         0  uart_conf.o ABSOLUTE
    ..\ccd\main.c                            0x00000000   Number         0  main.o ABSOLUTE
    ..\ccd\stm324xg_eval.c                   0x00000000   Number         0  stm324xg_eval.o ABSOLUTE
    ..\ccd\stm32f4xx_it.c                    0x00000000   Number         0  stm32f4xx_it.o ABSOLUTE
    ..\ccd\system_stm32f4xx.c                0x00000000   Number         0  system_stm32f4xx.o ABSOLUTE
    ..\ccd\timer_conf.c                      0x00000000   Number         0  timer_conf.o ABSOLUTE
    dc.s                                     0x00000000   Number         0  dc.o ABSOLUTE
    my_task\\wer_delay.c                     0x00000000   Number         0  wer_delay.o ABSOLUTE
    my_task\\wer_task.c                      0x00000000   Number         0  wer_task.o ABSOLUTE
    my_task\wer_delay.c                      0x00000000   Number         0  wer_delay.o ABSOLUTE
    my_task\wer_task.c                       0x00000000   Number         0  wer_task.o ABSOLUTE
    RESET                                    0x08000000   Section      392  startup_stm32f40_41xxx.o(RESET)
    !!!main                                  0x08000188   Section        8  __main.o(!!!main)
    !!!scatter                               0x08000190   Section       52  __scatter.o(!!!scatter)
    !!dczerorl2                              0x080001c4   Section       90  __dczerorl2.o(!!dczerorl2)
    !!handler_zi                             0x08000220   Section       28  __scatter_zi.o(!!handler_zi)
    .ARM.Collect$$libinit$$00000000          0x0800023c   Section        2  libinit.o(.ARM.Collect$$libinit$$00000000)
    .ARM.Collect$$libinit$$00000001          0x0800023e   Section        4  libinit2.o(.ARM.Collect$$libinit$$00000001)
    .ARM.Collect$$libinit$$00000004          0x08000242   Section        0  libinit2.o(.ARM.Collect$$libinit$$00000004)
    .ARM.Collect$$libinit$$0000000A          0x08000242   Section        0  libinit2.o(.ARM.Collect$$libinit$$0000000A)
    .ARM.Collect$$libinit$$0000000C          0x08000242   Section        0  libinit2.o(.ARM.Collect$$libinit$$0000000C)
    .ARM.Collect$$libinit$$0000000E          0x08000242   Section        0  libinit2.o(.ARM.Collect$$libinit$$0000000E)
    .ARM.Collect$$libinit$$00000011          0x08000242   Section        0  libinit2.o(.ARM.Collect$$libinit$$00000011)
    .ARM.Collect$$libinit$$00000013          0x08000242   Section        0  libinit2.o(.ARM.Collect$$libinit$$00000013)
    .ARM.Collect$$libinit$$00000015          0x08000242   Section        0  libinit2.o(.ARM.Collect$$libinit$$00000015)
    .ARM.Collect$$libinit$$00000017          0x08000242   Section        0  libinit2.o(.ARM.Collect$$libinit$$00000017)
    .ARM.Collect$$libinit$$00000019          0x08000242   Section        0  libinit2.o(.ARM.Collect$$libinit$$00000019)
    .ARM.Collect$$libinit$$0000001B          0x08000242   Section        0  libinit2.o(.ARM.Collect$$libinit$$0000001B)
    .ARM.Collect$$libinit$$0000001D          0x08000242   Section        0  libinit2.o(.ARM.Collect$$libinit$$0000001D)
    .ARM.Collect$$libinit$$0000001F          0x08000242   Section        0  libinit2.o(.ARM.Collect$$libinit$$0000001F)
    .ARM.Collect$$libinit$$00000021          0x08000242   Section        0  libinit2.o(.ARM.Collect$$libinit$$00000021)
    .ARM.Collect$$libinit$$00000023          0x08000242   Section        0  libinit2.o(.ARM.Collect$$libinit$$00000023)
    .ARM.Collect$$libinit$$00000025          0x08000242   Section        0  libinit2.o(.ARM.Collect$$libinit$$00000025)
    .ARM.Collect$$libinit$$0000002C          0x08000242   Section        0  libinit2.o(.ARM.Collect$$libinit$$0000002C)
    .ARM.Collect$$libinit$$0000002E          0x08000242   Section        0  libinit2.o(.ARM.Collect$$libinit$$0000002E)
    .ARM.Collect$$libinit$$00000030          0x08000242   Section        0  libinit2.o(.ARM.Collect$$libinit$$00000030)
    .ARM.Collect$$libinit$$00000032          0x08000242   Section        0  libinit2.o(.ARM.Collect$$libinit$$00000032)
    .ARM.Collect$$libinit$$00000033          0x08000242   Section        2  libinit2.o(.ARM.Collect$$libinit$$00000033)
    .ARM.Collect$$libshutdown$$00000000      0x08000244   Section        2  libshutdown.o(.ARM.Collect$$libshutdown$$00000000)
    .ARM.Collect$$libshutdown$$00000002      0x08000246   Section        0  libshutdown2.o(.ARM.Collect$$libshutdown$$00000002)
    .ARM.Collect$$libshutdown$$00000004      0x08000246   Section        0  libshutdown2.o(.ARM.Collect$$libshutdown$$00000004)
    .ARM.Collect$$libshutdown$$00000007      0x08000246   Section        0  libshutdown2.o(.ARM.Collect$$libshutdown$$00000007)
    .ARM.Collect$$libshutdown$$0000000A      0x08000246   Section        0  libshutdown2.o(.ARM.Collect$$libshutdown$$0000000A)
    .ARM.Collect$$libshutdown$$0000000C      0x08000246   Section        0  libshutdown2.o(.ARM.Collect$$libshutdown$$0000000C)
    .ARM.Collect$$libshutdown$$0000000F      0x08000246   Section        0  libshutdown2.o(.ARM.Collect$$libshutdown$$0000000F)
    .ARM.Collect$$libshutdown$$00000010      0x08000246   Section        2  libshutdown2.o(.ARM.Collect$$libshutdown$$00000010)
    .ARM.Collect$$rtentry$$00000000          0x08000248   Section        0  __rtentry.o(.ARM.Collect$$rtentry$$00000000)
    .ARM.Collect$$rtentry$$00000002          0x08000248   Section        0  __rtentry2.o(.ARM.Collect$$rtentry$$00000002)
    .ARM.Collect$$rtentry$$00000004          0x08000248   Section        6  __rtentry4.o(.ARM.Collect$$rtentry$$00000004)
    .ARM.Collect$$rtentry$$00000009          0x0800024e   Section        0  __rtentry2.o(.ARM.Collect$$rtentry$$00000009)
    .ARM.Collect$$rtentry$$0000000A          0x0800024e   Section        4  __rtentry2.o(.ARM.Collect$$rtentry$$0000000A)
    .ARM.Collect$$rtentry$$0000000C          0x08000252   Section        0  __rtentry2.o(.ARM.Collect$$rtentry$$0000000C)
    .ARM.Collect$$rtentry$$0000000D          0x08000252   Section        8  __rtentry2.o(.ARM.Collect$$rtentry$$0000000D)
    .ARM.Collect$$rtexit$$00000000           0x0800025a   Section        2  rtexit.o(.ARM.Collect$$rtexit$$00000000)
    .ARM.Collect$$rtexit$$00000002           0x0800025c   Section        0  rtexit2.o(.ARM.Collect$$rtexit$$00000002)
    .ARM.Collect$$rtexit$$00000003           0x0800025c   Section        4  rtexit2.o(.ARM.Collect$$rtexit$$00000003)
    .ARM.Collect$$rtexit$$00000004           0x08000260   Section        6  rtexit2.o(.ARM.Collect$$rtexit$$00000004)
    .text                                    0x08000268   Section        0  adc_conf.o(.text)
    .text                                    0x08000368   Section        0  main.o(.text)
    .text                                    0x080006c4   Section        0  stm32f4xx_it.o(.text)
    .text                                    0x080008bc   Section        0  system_stm32f4xx.o(.text)
    SetSysClock                              0x080008bd   Thumb Code   216  system_stm32f4xx.o(.text)
    .text                                    0x08000ac8   Section        0  timer_conf.o(.text)
    .text                                    0x08000dd4   Section        0  uart_conf.o(.text)
    .text                                    0x08001000   Section        0  wer_task.o(.text)
    .text                                    0x08001338   Section        0  delay.o(.text)
    .text                                    0x0800143c   Section        0  kalman.o(.text)
    .text                                    0x080015a4   Section        0  myiic.o(.text)
    .text                                    0x08001800   Section        0  sht30.o(.text)
    .text                                    0x0800189c   Section        0  key.o(.text)
    NVIC_Configuration                       0x08001917   Thumb Code    34  key.o(.text)
    .text                                    0x08001978   Section        0  oled.o(.text)
    .text                                    0x08001fe0   Section       64  startup_stm32f40_41xxx.o(.text)
    $v0                                      0x08001fe0   Number         0  startup_stm32f40_41xxx.o(.text)
    .text                                    0x08002020   Section        0  misc.o(.text)
    .text                                    0x08002100   Section        0  stm32f4xx_gpio.o(.text)
    .text                                    0x08002394   Section        0  stm32f4xx_rcc.o(.text)
    .text                                    0x080029f0   Section        0  stm32f4xx_syscfg.o(.text)
    .text                                    0x08002a84   Section        0  stm32f4xx_usart.o(.text)
    .text                                    0x08002ed8   Section        0  stm32f4xx_adc.o(.text)
    .text                                    0x0800333c   Section        0  stm32f4xx_tim.o(.text)
    TI4_Config                               0x08003adb   Thumb Code    80  stm32f4xx_tim.o(.text)
    TI3_Config                               0x08003b3d   Thumb Code    72  stm32f4xx_tim.o(.text)
    TI2_Config                               0x08003b9f   Thumb Code    90  stm32f4xx_tim.o(.text)
    TI1_Config                               0x08003c0b   Thumb Code    58  stm32f4xx_tim.o(.text)
    .text                                    0x08003fe0   Section        0  stm32f4xx_dma.o(.text)
    .text                                    0x08004388   Section        0  stm32f4xx_exti.o(.text)
    .text                                    0x08004498   Section      100  rt_memcpy_w.o(.text)
    .text                                    0x080044fc   Section        0  heapauxi.o(.text)
    .text                                    0x08004502   Section       74  sys_stackheap_outer.o(.text)
    .text                                    0x0800454c   Section        0  exit.o(.text)
    .text                                    0x08004560   Section        8  libspace.o(.text)
    .text                                    0x08004568   Section        0  sys_exit.o(.text)
    .text                                    0x08004574   Section        2  use_no_semi.o(.text)
    .text                                    0x08004576   Section        0  indicate_semi.o(.text)
    x$fpl$dadd                               0x08004578   Section      336  daddsub_clz.o(x$fpl$dadd)
    $v0                                      0x08004578   Number         0  daddsub_clz.o(x$fpl$dadd)
    _dadd1                                   0x08004589   Thumb Code     0  daddsub_clz.o(x$fpl$dadd)
    x$fpl$ddiv                               0x080046c8   Section      688  ddiv.o(x$fpl$ddiv)
    $v0                                      0x080046c8   Number         0  ddiv.o(x$fpl$ddiv)
    ddiv_entry                               0x080046cf   Thumb Code     0  ddiv.o(x$fpl$ddiv)
    x$fpl$dfixu                              0x08004978   Section       90  dfixu.o(x$fpl$dfixu)
    $v0                                      0x08004978   Number         0  dfixu.o(x$fpl$dfixu)
    x$fpl$dfltu                              0x080049d2   Section       38  dflt_clz.o(x$fpl$dfltu)
    $v0                                      0x080049d2   Number         0  dflt_clz.o(x$fpl$dfltu)
    x$fpl$dnaninf                            0x080049f8   Section      156  dnaninf.o(x$fpl$dnaninf)
    $v0                                      0x080049f8   Number         0  dnaninf.o(x$fpl$dnaninf)
    x$fpl$dretinf                            0x08004a94   Section       12  dretinf.o(x$fpl$dretinf)
    $v0                                      0x08004a94   Number         0  dretinf.o(x$fpl$dretinf)
    x$fpl$dsub                               0x08004aa0   Section      468  daddsub_clz.o(x$fpl$dsub)
    $v0                                      0x08004aa0   Number         0  daddsub_clz.o(x$fpl$dsub)
    _dsub1                                   0x08004ab1   Thumb Code     0  daddsub_clz.o(x$fpl$dsub)
    x$fpl$fpinit                             0x08004c74   Section       10  fpinit.o(x$fpl$fpinit)
    $v0                                      0x08004c74   Number         0  fpinit.o(x$fpl$fpinit)
    x$fpl$usenofp                            0x08004c7e   Section        0  usenofp.o(x$fpl$usenofp)
    .constdata                               0x08004c80   Section       32  timer_conf.o(.constdata)
    .constdata                               0x08004ca0   Section     2072  oled.o(.constdata)
    .data                                    0x20000000   Section       13  main.o(.data)
    .data                                    0x2000000d   Section        5  stm32f4xx_it.o(.data)
    isRightStart                             0x20000011   Data           1  stm32f4xx_it.o(.data)
    .data                                    0x20000014   Section       20  system_stm32f4xx.o(.data)
    .data                                    0x20000028   Section        4  timer_conf.o(.data)
    .data                                    0x2000002c   Section     1024  wer_task.o(.data)
    .data                                    0x2000042c   Section        4  delay.o(.data)
    fac_us                                   0x2000042c   Data           1  delay.o(.data)
    fac_ms                                   0x2000042e   Data           2  delay.o(.data)
    .data                                    0x20000430   Section        1  key.o(.data)
    key_up                                   0x20000430   Data           1  key.o(.data)
    .data                                    0x20000431   Section     1728  oled.o(.data)
    .data                                    0x20000af1   Section       16  stm32f4xx_rcc.o(.data)
    APBAHBPrescTable                         0x20000af1   Data          16  stm32f4xx_rcc.o(.data)
    .bss                                     0x20000b04   Section    25784  main.o(.bss)
    .bss                                     0x20006fbc   Section       96  libspace.o(.bss)
    HEAP                                     0x20007020   Section      512  startup_stm32f40_41xxx.o(HEAP)
    Heap_Mem                                 0x20007020   Data         512  startup_stm32f40_41xxx.o(HEAP)
    STACK                                    0x20007220   Section     1024  startup_stm32f40_41xxx.o(STACK)
    Stack_Mem                                0x20007220   Data        1024  startup_stm32f40_41xxx.o(STACK)
    __initial_sp                             0x20007620   Data           0  startup_stm32f40_41xxx.o(STACK)

    Global Symbols

    Symbol Name                              Value     Ov Type        Size  Object(Section)

    BuildAttributes$$THM_ISAv4$E$P$D$K$B$S$7EM$VFPi3$EXTD16$VFPS$VFMA$PE$A:L22UL41UL21$X:L11$S22US41US21$IEEE1$IW$USESV6$~STKCKD$USESV7$~SHL$OSPACE$ROPI$EBA8$UX$STANDARDLIB$REQ8$PRES8$EABIv2 0x00000000   Number         0  anon$$obj.o ABSOLUTE
    __ARM_use_no_argv                        0x00000000   Number         0  main.o ABSOLUTE
    __ARM_exceptions_init                     - Undefined Weak Reference
    __alloca_initialize                       - Undefined Weak Reference
    __arm_preinit_                            - Undefined Weak Reference
    __cpp_initialize__aeabi_                  - Undefined Weak Reference
    __cxa_finalize                            - Undefined Weak Reference
    __rt_locale                               - Undefined Weak Reference
    __sigvec_lookup                           - Undefined Weak Reference
    _atexit_init                              - Undefined Weak Reference
    _call_atexit_fns                          - Undefined Weak Reference
    _clock_init                               - Undefined Weak Reference
    _fp_trap_init                             - Undefined Weak Reference
    _fp_trap_shutdown                         - Undefined Weak Reference
    _get_lc_collate                           - Undefined Weak Reference
    _get_lc_ctype                             - Undefined Weak Reference
    _get_lc_monetary                          - Undefined Weak Reference
    _get_lc_numeric                           - Undefined Weak Reference
    _get_lc_time                              - Undefined Weak Reference
    _getenv_init                              - Undefined Weak Reference
    _handle_redirection                       - Undefined Weak Reference
    _init_alloc                               - Undefined Weak Reference
    _init_user_alloc                          - Undefined Weak Reference
    _initio                                   - Undefined Weak Reference
    _rand_init                                - Undefined Weak Reference
    _signal_finish                            - Undefined Weak Reference
    _signal_init                              - Undefined Weak Reference
    _terminate_alloc                          - Undefined Weak Reference
    _terminate_user_alloc                     - Undefined Weak Reference
    _terminateio                              - Undefined Weak Reference
    __Vectors_Size                           0x00000188   Number         0  startup_stm32f40_41xxx.o ABSOLUTE
    __Vectors                                0x08000000   Data           4  startup_stm32f40_41xxx.o(RESET)
    __Vectors_End                            0x08000188   Data           0  startup_stm32f40_41xxx.o(RESET)
    __main                                   0x08000189   Thumb Code     8  __main.o(!!!main)
    __scatterload                            0x08000191   Thumb Code     0  __scatter.o(!!!scatter)
    __scatterload_rt2                        0x08000191   Thumb Code    44  __scatter.o(!!!scatter)
    __scatterload_rt2_thumb_only             0x08000191   Thumb Code     0  __scatter.o(!!!scatter)
    __scatterload_null                       0x0800019f   Thumb Code     0  __scatter.o(!!!scatter)
    __decompress                             0x080001c5   Thumb Code    90  __dczerorl2.o(!!dczerorl2)
    __decompress1                            0x080001c5   Thumb Code     0  __dczerorl2.o(!!dczerorl2)
    __scatterload_zeroinit                   0x08000221   Thumb Code    28  __scatter_zi.o(!!handler_zi)
    __rt_lib_init                            0x0800023d   Thumb Code     0  libinit.o(.ARM.Collect$$libinit$$00000000)
    __rt_lib_init_fp_1                       0x0800023f   Thumb Code     0  libinit2.o(.ARM.Collect$$libinit$$00000001)
    __rt_lib_init_alloca_1                   0x08000243   Thumb Code     0  libinit2.o(.ARM.Collect$$libinit$$0000002E)
    __rt_lib_init_argv_1                     0x08000243   Thumb Code     0  libinit2.o(.ARM.Collect$$libinit$$0000002C)
    __rt_lib_init_atexit_1                   0x08000243   Thumb Code     0  libinit2.o(.ARM.Collect$$libinit$$0000001B)
    __rt_lib_init_clock_1                    0x08000243   Thumb Code     0  libinit2.o(.ARM.Collect$$libinit$$00000021)
    __rt_lib_init_cpp_1                      0x08000243   Thumb Code     0  libinit2.o(.ARM.Collect$$libinit$$00000032)
    __rt_lib_init_exceptions_1               0x08000243   Thumb Code     0  libinit2.o(.ARM.Collect$$libinit$$00000030)
    __rt_lib_init_fp_trap_1                  0x08000243   Thumb Code     0  libinit2.o(.ARM.Collect$$libinit$$0000001F)
    __rt_lib_init_getenv_1                   0x08000243   Thumb Code     0  libinit2.o(.ARM.Collect$$libinit$$00000023)
    __rt_lib_init_heap_1                     0x08000243   Thumb Code     0  libinit2.o(.ARM.Collect$$libinit$$0000000A)
    __rt_lib_init_lc_collate_1               0x08000243   Thumb Code     0  libinit2.o(.ARM.Collect$$libinit$$00000011)
    __rt_lib_init_lc_ctype_1                 0x08000243   Thumb Code     0  libinit2.o(.ARM.Collect$$libinit$$00000013)
    __rt_lib_init_lc_monetary_1              0x08000243   Thumb Code     0  libinit2.o(.ARM.Collect$$libinit$$00000015)
    __rt_lib_init_lc_numeric_1               0x08000243   Thumb Code     0  libinit2.o(.ARM.Collect$$libinit$$00000017)
    __rt_lib_init_lc_time_1                  0x08000243   Thumb Code     0  libinit2.o(.ARM.Collect$$libinit$$00000019)
    __rt_lib_init_preinit_1                  0x08000243   Thumb Code     0  libinit2.o(.ARM.Collect$$libinit$$00000004)
    __rt_lib_init_rand_1                     0x08000243   Thumb Code     0  libinit2.o(.ARM.Collect$$libinit$$0000000E)
    __rt_lib_init_return                     0x08000243   Thumb Code     0  libinit2.o(.ARM.Collect$$libinit$$00000033)
    __rt_lib_init_signal_1                   0x08000243   Thumb Code     0  libinit2.o(.ARM.Collect$$libinit$$0000001D)
    __rt_lib_init_stdio_1                    0x08000243   Thumb Code     0  libinit2.o(.ARM.Collect$$libinit$$00000025)
    __rt_lib_init_user_alloc_1               0x08000243   Thumb Code     0  libinit2.o(.ARM.Collect$$libinit$$0000000C)
    __rt_lib_shutdown                        0x08000245   Thumb Code     0  libshutdown.o(.ARM.Collect$$libshutdown$$00000000)
    __rt_lib_shutdown_cpp_1                  0x08000247   Thumb Code     0  libshutdown2.o(.ARM.Collect$$libshutdown$$00000002)
    __rt_lib_shutdown_fp_trap_1              0x08000247   Thumb Code     0  libshutdown2.o(.ARM.Collect$$libshutdown$$00000007)
    __rt_lib_shutdown_heap_1                 0x08000247   Thumb Code     0  libshutdown2.o(.ARM.Collect$$libshutdown$$0000000F)
    __rt_lib_shutdown_return                 0x08000247   Thumb Code     0  libshutdown2.o(.ARM.Collect$$libshutdown$$00000010)
    __rt_lib_shutdown_signal_1               0x08000247   Thumb Code     0  libshutdown2.o(.ARM.Collect$$libshutdown$$0000000A)
    __rt_lib_shutdown_stdio_1                0x08000247   Thumb Code     0  libshutdown2.o(.ARM.Collect$$libshutdown$$00000004)
    __rt_lib_shutdown_user_alloc_1           0x08000247   Thumb Code     0  libshutdown2.o(.ARM.Collect$$libshutdown$$0000000C)
    __rt_entry                               0x08000249   Thumb Code     0  __rtentry.o(.ARM.Collect$$rtentry$$00000000)
    __rt_entry_presh_1                       0x08000249   Thumb Code     0  __rtentry2.o(.ARM.Collect$$rtentry$$00000002)
    __rt_entry_sh                            0x08000249   Thumb Code     0  __rtentry4.o(.ARM.Collect$$rtentry$$00000004)
    __rt_entry_li                            0x0800024f   Thumb Code     0  __rtentry2.o(.ARM.Collect$$rtentry$$0000000A)
    __rt_entry_postsh_1                      0x0800024f   Thumb Code     0  __rtentry2.o(.ARM.Collect$$rtentry$$00000009)
    __rt_entry_main                          0x08000253   Thumb Code     0  __rtentry2.o(.ARM.Collect$$rtentry$$0000000D)
    __rt_entry_postli_1                      0x08000253   Thumb Code     0  __rtentry2.o(.ARM.Collect$$rtentry$$0000000C)
    __rt_exit                                0x0800025b   Thumb Code     0  rtexit.o(.ARM.Collect$$rtexit$$00000000)
    __rt_exit_ls                             0x0800025d   Thumb Code     0  rtexit2.o(.ARM.Collect$$rtexit$$00000003)
    __rt_exit_prels_1                        0x0800025d   Thumb Code     0  rtexit2.o(.ARM.Collect$$rtexit$$00000002)
    __rt_exit_exit                           0x08000261   Thumb Code     0  rtexit2.o(.ARM.Collect$$rtexit$$00000004)
    ADC1_conf                                0x08000269   Thumb Code   240  adc_conf.o(.text)
    flush_CCD                                0x08000369   Thumb Code    58  main.o(.text)
    NVIC_conf                                0x080003a3   Thumb Code   100  main.o(.text)
    virtual_GND                              0x08000407   Thumb Code    78  main.o(.text)
    main                                     0x08000455   Thumb Code   544  main.o(.text)
    NMI_Handler                              0x080006c5   Thumb Code     2  stm32f4xx_it.o(.text)
    HardFault_Handler                        0x080006c7   Thumb Code     4  stm32f4xx_it.o(.text)
    MemManage_Handler                        0x080006cb   Thumb Code     4  stm32f4xx_it.o(.text)
    BusFault_Handler                         0x080006cf   Thumb Code     4  stm32f4xx_it.o(.text)
    UsageFault_Handler                       0x080006d3   Thumb Code     4  stm32f4xx_it.o(.text)
    SVC_Handler                              0x080006d7   Thumb Code     2  stm32f4xx_it.o(.text)
    DebugMon_Handler                         0x080006d9   Thumb Code     2  stm32f4xx_it.o(.text)
    PendSV_Handler                           0x080006db   Thumb Code     2  stm32f4xx_it.o(.text)
    SysTick_Handler                          0x080006dd   Thumb Code     2  stm32f4xx_it.o(.text)
    EXTI4_IRQHandler                         0x080006df   Thumb Code    52  stm32f4xx_it.o(.text)
    DMA1_Stream5_IRQHandler                  0x08000713   Thumb Code   220  stm32f4xx_it.o(.text)
    DMA2_Stream0_IRQHandler                  0x080007ef   Thumb Code    58  stm32f4xx_it.o(.text)
    TIM5_IRQHandler                          0x08000829   Thumb Code    80  stm32f4xx_it.o(.text)
    SystemInit                               0x08000995   Thumb Code    88  system_stm32f4xx.o(.text)
    SystemCoreClockUpdate                    0x080009ed   Thumb Code   174  system_stm32f4xx.o(.text)
    get_Timer_clocks                         0x08000ac9   Thumb Code    84  timer_conf.o(.text)
    TIM_CCD_fM_conf                          0x08000b1d   Thumb Code   158  timer_conf.o(.text)
    TIM_ADC_conf                             0x08000bbb   Thumb Code   154  timer_conf.o(.text)
    TIM_ICG_SH_conf                          0x08000c55   Thumb Code   332  timer_conf.o(.text)
    USART2_conf                              0x08000dd5   Thumb Code   266  uart_conf.o(.text)
    UART2_Tx_DMA                             0x08000edf   Thumb Code    72  uart_conf.o(.text)
    sort_aRxBuffer                           0x08000f27   Thumb Code   160  uart_conf.o(.text)
    wer_send                                 0x08000fc7   Thumb Code    28  uart_conf.o(.text)
    send_data                                0x08001001   Thumb Code    40  wer_task.o(.text)
    send_data_echo                           0x08001029   Thumb Code    24  wer_task.o(.text)
    send_TempHumi                            0x08001041   Thumb Code    36  wer_task.o(.text)
    SortFrom3648                             0x08001065   Thumb Code    38  wer_task.o(.text)
    recongnitionData                         0x0800108b   Thumb Code    44  wer_task.o(.text)
    display_oled                             0x080010b7   Thumb Code   196  wer_task.o(.text)
    oled_AllInit                             0x0800117b   Thumb Code   118  wer_task.o(.text)
    oled_test1                               0x080011f1   Thumb Code   266  wer_task.o(.text)
    delay_init                               0x08001339   Thumb Code    52  delay.o(.text)
    delay_us                                 0x0800136d   Thumb Code    72  delay.o(.text)
    delay_xms                                0x080013b5   Thumb Code    72  delay.o(.text)
    delay_ms                                 0x080013fd   Thumb Code    56  delay.o(.text)
    shift_win_filter                         0x0800143d   Thumb Code   144  kalman.o(.text)
    kalman_init                              0x080014cd   Thumb Code    42  kalman.o(.text)
    kalman_filter                            0x080014f7   Thumb Code   154  kalman.o(.text)
    IIC_Init                                 0x080015a5   Thumb Code    62  myiic.o(.text)
    IIC_Start                                0x080015e3   Thumb Code    68  myiic.o(.text)
    IIC_Stop                                 0x08001627   Thumb Code    62  myiic.o(.text)
    IIC_Wait_Ack                             0x08001665   Thumb Code    82  myiic.o(.text)
    IIC_Ack                                  0x080016b7   Thumb Code    66  myiic.o(.text)
    IIC_NAck                                 0x080016f9   Thumb Code    66  myiic.o(.text)
    IIC_Send_Byte                            0x0800173b   Thumb Code    90  myiic.o(.text)
    IIC_Read_Byte                            0x08001795   Thumb Code    94  myiic.o(.text)
    start_mesure                             0x08001801   Thumb Code    48  sht30.o(.text)
    sht30_read                               0x08001831   Thumb Code   108  sht30.o(.text)
    KEY_Init                                 0x0800189d   Thumb Code    48  key.o(.text)
    KEY_Scan                                 0x080018cd   Thumb Code    74  key.o(.text)
    EXTI_Config                              0x08001939   Thumb Code    52  key.o(.text)
    Oled_IIC_Start                           0x08001979   Thumb Code    64  oled.o(.text)
    Oled_IIC_Stop                            0x080019b9   Thumb Code    66  oled.o(.text)
    Oled_IIC_Wait_Ack                        0x080019fb   Thumb Code    80  oled.o(.text)
    Oled_Write_IIC_Byte                      0x08001a4b   Thumb Code    92  oled.o(.text)
    Oled_Write_IIC_Command                   0x08001aa7   Thumb Code    44  oled.o(.text)
    Oled_Write_IIC_Data                      0x08001ad3   Thumb Code    44  oled.o(.text)
    OLED_WR_Byte                             0x08001aff   Thumb Code    24  oled.o(.text)
    fill_picture                             0x08001b17   Thumb Code    64  oled.o(.text)
    Delay_50ms                               0x08001b57   Thumb Code    22  oled.o(.text)
    Delay_1ms                                0x08001b6d   Thumb Code    26  oled.o(.text)
    OLED_Set_Pos                             0x08001b87   Thumb Code    40  oled.o(.text)
    OLED_Display_On                          0x08001baf   Thumb Code    28  oled.o(.text)
    OLED_Display_Off                         0x08001bcb   Thumb Code    28  oled.o(.text)
    OLED_Clear                               0x08001be7   Thumb Code    62  oled.o(.text)
    OLED_On                                  0x08001c25   Thumb Code    62  oled.o(.text)
    OLED_ShowChar                            0x08001c63   Thumb Code   154  oled.o(.text)
    oled_pow                                 0x08001cfd   Thumb Code    22  oled.o(.text)
    OLED_ShowNum                             0x08001d13   Thumb Code   156  oled.o(.text)
    OLED_ShowString                          0x08001daf   Thumb Code    58  oled.o(.text)
    OLED_ShowCHinese                         0x08001de9   Thumb Code    98  oled.o(.text)
    OLED_DrawBMP                             0x08001e4b   Thumb Code   118  oled.o(.text)
    OLED_Init                                0x08001ec1   Thumb Code   278  oled.o(.text)
    Reset_Handler                            0x08001fe1   Thumb Code     8  startup_stm32f40_41xxx.o(.text)
    ADC_IRQHandler                           0x08001ffb   Thumb Code     0  startup_stm32f40_41xxx.o(.text)
    CAN1_RX0_IRQHandler                      0x08001ffb   Thumb Code     0  startup_stm32f40_41xxx.o(.text)
    CAN1_RX1_IRQHandler                      0x08001ffb   Thumb Code     0  startup_stm32f40_41xxx.o(.text)
    CAN1_SCE_IRQHandler                      0x08001ffb   Thumb Code     0  startup_stm32f40_41xxx.o(.text)
    CAN1_TX_IRQHandler                       0x08001ffb   Thumb Code     0  startup_stm32f40_41xxx.o(.text)
    CAN2_RX0_IRQHandler                      0x08001ffb   Thumb Code     0  startup_stm32f40_41xxx.o(.text)
    CAN2_RX1_IRQHandler                      0x08001ffb   Thumb Code     0  startup_stm32f40_41xxx.o(.text)
    CAN2_SCE_IRQHandler                      0x08001ffb   Thumb Code     0  startup_stm32f40_41xxx.o(.text)
    CAN2_TX_IRQHandler                       0x08001ffb   Thumb Code     0  startup_stm32f40_41xxx.o(.text)
    CRYP_IRQHandler                          0x08001ffb   Thumb Code     0  startup_stm32f40_41xxx.o(.text)
    DCMI_IRQHandler                          0x08001ffb   Thumb Code     0  startup_stm32f40_41xxx.o(.text)
    DMA1_Stream0_IRQHandler                  0x08001ffb   Thumb Code     0  startup_stm32f40_41xxx.o(.text)
    DMA1_Stream1_IRQHandler                  0x08001ffb   Thumb Code     0  startup_stm32f40_41xxx.o(.text)
    DMA1_Stream2_IRQHandler                  0x08001ffb   Thumb Code     0  startup_stm32f40_41xxx.o(.text)
    DMA1_Stream3_IRQHandler                  0x08001ffb   Thumb Code     0  startup_stm32f40_41xxx.o(.text)
    DMA1_Stream4_IRQHandler                  0x08001ffb   Thumb Code     0  startup_stm32f40_41xxx.o(.text)
    DMA1_Stream6_IRQHandler                  0x08001ffb   Thumb Code     0  startup_stm32f40_41xxx.o(.text)
    DMA1_Stream7_IRQHandler                  0x08001ffb   Thumb Code     0  startup_stm32f40_41xxx.o(.text)
    DMA2_Stream1_IRQHandler                  0x08001ffb   Thumb Code     0  startup_stm32f40_41xxx.o(.text)
    DMA2_Stream2_IRQHandler                  0x08001ffb   Thumb Code     0  startup_stm32f40_41xxx.o(.text)
    DMA2_Stream3_IRQHandler                  0x08001ffb   Thumb Code     0  startup_stm32f40_41xxx.o(.text)
    DMA2_Stream4_IRQHandler                  0x08001ffb   Thumb Code     0  startup_stm32f40_41xxx.o(.text)
    DMA2_Stream5_IRQHandler                  0x08001ffb   Thumb Code     0  startup_stm32f40_41xxx.o(.text)
    DMA2_Stream6_IRQHandler                  0x08001ffb   Thumb Code     0  startup_stm32f40_41xxx.o(.text)
    DMA2_Stream7_IRQHandler                  0x08001ffb   Thumb Code     0  startup_stm32f40_41xxx.o(.text)
    ETH_IRQHandler                           0x08001ffb   Thumb Code     0  startup_stm32f40_41xxx.o(.text)
    ETH_WKUP_IRQHandler                      0x08001ffb   Thumb Code     0  startup_stm32f40_41xxx.o(.text)
    EXTI0_IRQHandler                         0x08001ffb   Thumb Code     0  startup_stm32f40_41xxx.o(.text)
    EXTI15_10_IRQHandler                     0x08001ffb   Thumb Code     0  startup_stm32f40_41xxx.o(.text)
    EXTI1_IRQHandler                         0x08001ffb   Thumb Code     0  startup_stm32f40_41xxx.o(.text)
    EXTI2_IRQHandler                         0x08001ffb   Thumb Code     0  startup_stm32f40_41xxx.o(.text)
    EXTI3_IRQHandler                         0x08001ffb   Thumb Code     0  startup_stm32f40_41xxx.o(.text)
    EXTI9_5_IRQHandler                       0x08001ffb   Thumb Code     0  startup_stm32f40_41xxx.o(.text)
    FLASH_IRQHandler                         0x08001ffb   Thumb Code     0  startup_stm32f40_41xxx.o(.text)
    FPU_IRQHandler                           0x08001ffb   Thumb Code     0  startup_stm32f40_41xxx.o(.text)
    FSMC_IRQHandler                          0x08001ffb   Thumb Code     0  startup_stm32f40_41xxx.o(.text)
    HASH_RNG_IRQHandler                      0x08001ffb   Thumb Code     0  startup_stm32f40_41xxx.o(.text)
    I2C1_ER_IRQHandler                       0x08001ffb   Thumb Code     0  startup_stm32f40_41xxx.o(.text)
    I2C1_EV_IRQHandler                       0x08001ffb   Thumb Code     0  startup_stm32f40_41xxx.o(.text)
    I2C2_ER_IRQHandler                       0x08001ffb   Thumb Code     0  startup_stm32f40_41xxx.o(.text)
    I2C2_EV_IRQHandler                       0x08001ffb   Thumb Code     0  startup_stm32f40_41xxx.o(.text)
    I2C3_ER_IRQHandler                       0x08001ffb   Thumb Code     0  startup_stm32f40_41xxx.o(.text)
    I2C3_EV_IRQHandler                       0x08001ffb   Thumb Code     0  startup_stm32f40_41xxx.o(.text)
    OTG_FS_IRQHandler                        0x08001ffb   Thumb Code     0  startup_stm32f40_41xxx.o(.text)
    OTG_FS_WKUP_IRQHandler                   0x08001ffb   Thumb Code     0  startup_stm32f40_41xxx.o(.text)
    OTG_HS_EP1_IN_IRQHandler                 0x08001ffb   Thumb Code     0  startup_stm32f40_41xxx.o(.text)
    OTG_HS_EP1_OUT_IRQHandler                0x08001ffb   Thumb Code     0  startup_stm32f40_41xxx.o(.text)
    OTG_HS_IRQHandler                        0x08001ffb   Thumb Code     0  startup_stm32f40_41xxx.o(.text)
    OTG_HS_WKUP_IRQHandler                   0x08001ffb   Thumb Code     0  startup_stm32f40_41xxx.o(.text)
    PVD_IRQHandler                           0x08001ffb   Thumb Code     0  startup_stm32f40_41xxx.o(.text)
    RCC_IRQHandler                           0x08001ffb   Thumb Code     0  startup_stm32f40_41xxx.o(.text)
    RTC_Alarm_IRQHandler                     0x08001ffb   Thumb Code     0  startup_stm32f40_41xxx.o(.text)
    RTC_WKUP_IRQHandler                      0x08001ffb   Thumb Code     0  startup_stm32f40_41xxx.o(.text)
    SDIO_IRQHandler                          0x08001ffb   Thumb Code     0  startup_stm32f40_41xxx.o(.text)
    SPI1_IRQHandler                          0x08001ffb   Thumb Code     0  startup_stm32f40_41xxx.o(.text)
    SPI2_IRQHandler                          0x08001ffb   Thumb Code     0  startup_stm32f40_41xxx.o(.text)
    SPI3_IRQHandler                          0x08001ffb   Thumb Code     0  startup_stm32f40_41xxx.o(.text)
    TAMP_STAMP_IRQHandler                    0x08001ffb   Thumb Code     0  startup_stm32f40_41xxx.o(.text)
    TIM1_BRK_TIM9_IRQHandler                 0x08001ffb   Thumb Code     0  startup_stm32f40_41xxx.o(.text)
    TIM1_CC_IRQHandler                       0x08001ffb   Thumb Code     0  startup_stm32f40_41xxx.o(.text)
    TIM1_TRG_COM_TIM11_IRQHandler            0x08001ffb   Thumb Code     0  startup_stm32f40_41xxx.o(.text)
    TIM1_UP_TIM10_IRQHandler                 0x08001ffb   Thumb Code     0  startup_stm32f40_41xxx.o(.text)
    TIM2_IRQHandler                          0x08001ffb   Thumb Code     0  startup_stm32f40_41xxx.o(.text)
    TIM3_IRQHandler                          0x08001ffb   Thumb Code     0  startup_stm32f40_41xxx.o(.text)
    TIM4_IRQHandler                          0x08001ffb   Thumb Code     0  startup_stm32f40_41xxx.o(.text)
    TIM6_DAC_IRQHandler                      0x08001ffb   Thumb Code     0  startup_stm32f40_41xxx.o(.text)
    TIM7_IRQHandler                          0x08001ffb   Thumb Code     0  startup_stm32f40_41xxx.o(.text)
    TIM8_BRK_TIM12_IRQHandler                0x08001ffb   Thumb Code     0  startup_stm32f40_41xxx.o(.text)
    TIM8_CC_IRQHandler                       0x08001ffb   Thumb Code     0  startup_stm32f40_41xxx.o(.text)
    TIM8_TRG_COM_TIM14_IRQHandler            0x08001ffb   Thumb Code     0  startup_stm32f40_41xxx.o(.text)
    TIM8_UP_TIM13_IRQHandler                 0x08001ffb   Thumb Code     0  startup_stm32f40_41xxx.o(.text)
    UART4_IRQHandler                         0x08001ffb   Thumb Code     0  startup_stm32f40_41xxx.o(.text)
    UART5_IRQHandler                         0x08001ffb   Thumb Code     0  startup_stm32f40_41xxx.o(.text)
    USART1_IRQHandler                        0x08001ffb   Thumb Code     0  startup_stm32f40_41xxx.o(.text)
    USART2_IRQHandler                        0x08001ffb   Thumb Code     0  startup_stm32f40_41xxx.o(.text)
    USART3_IRQHandler                        0x08001ffb   Thumb Code     0  startup_stm32f40_41xxx.o(.text)
    USART6_IRQHandler                        0x08001ffb   Thumb Code     0  startup_stm32f40_41xxx.o(.text)
    WWDG_IRQHandler                          0x08001ffb   Thumb Code     0  startup_stm32f40_41xxx.o(.text)
    __user_initial_stackheap                 0x08001ffd   Thumb Code     0  startup_stm32f40_41xxx.o(.text)
    NVIC_PriorityGroupConfig                 0x08002021   Thumb Code    10  misc.o(.text)
    NVIC_Init                                0x0800202b   Thumb Code   106  misc.o(.text)
    NVIC_SetVectorTable                      0x08002095   Thumb Code    14  misc.o(.text)
    NVIC_SystemLPConfig                      0x080020a3   Thumb Code    34  misc.o(.text)
    SysTick_CLKSourceConfig                  0x080020c5   Thumb Code    40  misc.o(.text)
    GPIO_DeInit                              0x08002101   Thumb Code   268  stm32f4xx_gpio.o(.text)
    GPIO_Init                                0x0800220d   Thumb Code   144  stm32f4xx_gpio.o(.text)
    GPIO_StructInit                          0x0800229d   Thumb Code    18  stm32f4xx_gpio.o(.text)
    GPIO_PinLockConfig                       0x080022af   Thumb Code    34  stm32f4xx_gpio.o(.text)
    GPIO_ReadInputDataBit                    0x080022d1   Thumb Code    18  stm32f4xx_gpio.o(.text)
    GPIO_ReadInputData                       0x080022e3   Thumb Code     8  stm32f4xx_gpio.o(.text)
    GPIO_ReadOutputDataBit                   0x080022eb   Thumb Code    18  stm32f4xx_gpio.o(.text)
    GPIO_ReadOutputData                      0x080022fd   Thumb Code     8  stm32f4xx_gpio.o(.text)
    GPIO_SetBits                             0x08002305   Thumb Code     4  stm32f4xx_gpio.o(.text)
    GPIO_ResetBits                           0x08002309   Thumb Code     4  stm32f4xx_gpio.o(.text)
    GPIO_WriteBit                            0x0800230d   Thumb Code    10  stm32f4xx_gpio.o(.text)
    GPIO_Write                               0x08002317   Thumb Code     4  stm32f4xx_gpio.o(.text)
    GPIO_ToggleBits                          0x0800231b   Thumb Code     8  stm32f4xx_gpio.o(.text)
    GPIO_PinAFConfig                         0x08002323   Thumb Code    70  stm32f4xx_gpio.o(.text)
    RCC_DeInit                               0x08002395   Thumb Code    82  stm32f4xx_rcc.o(.text)
    RCC_HSEConfig                            0x080023e7   Thumb Code    14  stm32f4xx_rcc.o(.text)
    RCC_GetFlagStatus                        0x080023f5   Thumb Code    60  stm32f4xx_rcc.o(.text)
    RCC_WaitForHSEStartUp                    0x08002431   Thumb Code    56  stm32f4xx_rcc.o(.text)
    RCC_AdjustHSICalibrationValue            0x08002469   Thumb Code    20  stm32f4xx_rcc.o(.text)
    RCC_HSICmd                               0x0800247d   Thumb Code     6  stm32f4xx_rcc.o(.text)
    RCC_LSEConfig                            0x08002483   Thumb Code    46  stm32f4xx_rcc.o(.text)
    RCC_LSICmd                               0x080024b1   Thumb Code     6  stm32f4xx_rcc.o(.text)
    RCC_PLLConfig                            0x080024b7   Thumb Code    32  stm32f4xx_rcc.o(.text)
    RCC_PLLCmd                               0x080024d7   Thumb Code     6  stm32f4xx_rcc.o(.text)
    RCC_PLLI2SConfig                         0x080024dd   Thumb Code    14  stm32f4xx_rcc.o(.text)
    RCC_PLLI2SCmd                            0x080024eb   Thumb Code     6  stm32f4xx_rcc.o(.text)
    RCC_PLLSAIConfig                         0x080024f1   Thumb Code    20  stm32f4xx_rcc.o(.text)
    RCC_PLLSAICmd                            0x08002505   Thumb Code     6  stm32f4xx_rcc.o(.text)
    RCC_ClockSecuritySystemCmd               0x0800250b   Thumb Code     6  stm32f4xx_rcc.o(.text)
    RCC_MCO1Config                           0x08002511   Thumb Code    28  stm32f4xx_rcc.o(.text)
    RCC_MCO2Config                           0x0800252d   Thumb Code    28  stm32f4xx_rcc.o(.text)
    RCC_SYSCLKConfig                         0x08002549   Thumb Code    20  stm32f4xx_rcc.o(.text)
    RCC_GetSYSCLKSource                      0x0800255d   Thumb Code    12  stm32f4xx_rcc.o(.text)
    RCC_HCLKConfig                           0x08002569   Thumb Code    20  stm32f4xx_rcc.o(.text)
    RCC_PCLK1Config                          0x0800257d   Thumb Code    20  stm32f4xx_rcc.o(.text)
    RCC_PCLK2Config                          0x08002591   Thumb Code    22  stm32f4xx_rcc.o(.text)
    RCC_GetClocksFreq                        0x080025a7   Thumb Code   222  stm32f4xx_rcc.o(.text)
    RCC_RTCCLKConfig                         0x08002685   Thumb Code    54  stm32f4xx_rcc.o(.text)
    RCC_RTCCLKCmd                            0x080026bb   Thumb Code     8  stm32f4xx_rcc.o(.text)
    RCC_BackupResetCmd                       0x080026c3   Thumb Code     8  stm32f4xx_rcc.o(.text)
    RCC_I2SCLKConfig                         0x080026cb   Thumb Code     6  stm32f4xx_rcc.o(.text)
    RCC_SAIPLLI2SClkDivConfig                0x080026d1   Thumb Code    26  stm32f4xx_rcc.o(.text)
    RCC_SAIPLLSAIClkDivConfig                0x080026eb   Thumb Code    28  stm32f4xx_rcc.o(.text)
    RCC_SAIBlockACLKConfig                   0x08002707   Thumb Code    20  stm32f4xx_rcc.o(.text)
    RCC_SAIBlockBCLKConfig                   0x0800271b   Thumb Code    20  stm32f4xx_rcc.o(.text)
    RCC_LTDCCLKDivConfig                     0x0800272f   Thumb Code    20  stm32f4xx_rcc.o(.text)
    RCC_TIMCLKPresConfig                     0x08002743   Thumb Code     6  stm32f4xx_rcc.o(.text)
    RCC_AHB1PeriphClockCmd                   0x08002749   Thumb Code    34  stm32f4xx_rcc.o(.text)
    RCC_AHB2PeriphClockCmd                   0x0800276b   Thumb Code    78  stm32f4xx_rcc.o(.text)
    RCC_AHB3PeriphClockCmd                   0x080027b9   Thumb Code    34  stm32f4xx_rcc.o(.text)
    RCC_APB1PeriphClockCmd                   0x080027db   Thumb Code    34  stm32f4xx_rcc.o(.text)
    RCC_APB2PeriphClockCmd                   0x080027fd   Thumb Code    34  stm32f4xx_rcc.o(.text)
    RCC_AHB1PeriphResetCmd                   0x0800281f   Thumb Code    34  stm32f4xx_rcc.o(.text)
    RCC_AHB2PeriphResetCmd                   0x08002841   Thumb Code    34  stm32f4xx_rcc.o(.text)
    RCC_AHB3PeriphResetCmd                   0x08002863   Thumb Code    34  stm32f4xx_rcc.o(.text)
    RCC_APB1PeriphResetCmd                   0x08002885   Thumb Code    34  stm32f4xx_rcc.o(.text)
    RCC_APB2PeriphResetCmd                   0x080028a7   Thumb Code    34  stm32f4xx_rcc.o(.text)
    RCC_AHB1PeriphClockLPModeCmd             0x080028c9   Thumb Code    34  stm32f4xx_rcc.o(.text)
    RCC_AHB2PeriphClockLPModeCmd             0x080028eb   Thumb Code    34  stm32f4xx_rcc.o(.text)
    RCC_AHB3PeriphClockLPModeCmd             0x0800290d   Thumb Code    34  stm32f4xx_rcc.o(.text)
    RCC_APB1PeriphClockLPModeCmd             0x0800292f   Thumb Code    34  stm32f4xx_rcc.o(.text)
    RCC_APB2PeriphClockLPModeCmd             0x08002951   Thumb Code    34  stm32f4xx_rcc.o(.text)
    RCC_LSEModeConfig                        0x08002973   Thumb Code    40  stm32f4xx_rcc.o(.text)
    RCC_ITConfig                             0x0800299b   Thumb Code    34  stm32f4xx_rcc.o(.text)
    RCC_ClearFlag                            0x080029bd   Thumb Code    18  stm32f4xx_rcc.o(.text)
    RCC_GetITStatus                          0x080029cf   Thumb Code    22  stm32f4xx_rcc.o(.text)
    RCC_ClearITPendingBit                    0x080029e5   Thumb Code     8  stm32f4xx_rcc.o(.text)
    SYSCFG_DeInit                            0x080029f1   Thumb Code    22  stm32f4xx_syscfg.o(.text)
    SYSCFG_MemoryRemapConfig                 0x08002a07   Thumb Code     6  stm32f4xx_syscfg.o(.text)
    SYSCFG_MemorySwappingBank                0x08002a0d   Thumb Code     6  stm32f4xx_syscfg.o(.text)
    SYSCFG_EXTILineConfig                    0x08002a13   Thumb Code    66  stm32f4xx_syscfg.o(.text)
    SYSCFG_ETH_MediaInterfaceConfig          0x08002a55   Thumb Code     8  stm32f4xx_syscfg.o(.text)
    SYSCFG_CompensationCellCmd               0x08002a5d   Thumb Code     6  stm32f4xx_syscfg.o(.text)
    SYSCFG_GetCompensationCellStatus         0x08002a63   Thumb Code    22  stm32f4xx_syscfg.o(.text)
    USART_DeInit                             0x08002a85   Thumb Code   206  stm32f4xx_usart.o(.text)
    USART_Init                               0x08002b53   Thumb Code   204  stm32f4xx_usart.o(.text)
    USART_StructInit                         0x08002c1f   Thumb Code    24  stm32f4xx_usart.o(.text)
    USART_ClockInit                          0x08002c37   Thumb Code    32  stm32f4xx_usart.o(.text)
    USART_ClockStructInit                    0x08002c57   Thumb Code    12  stm32f4xx_usart.o(.text)
    USART_Cmd                                0x08002c63   Thumb Code    24  stm32f4xx_usart.o(.text)
    USART_SetPrescaler                       0x08002c7b   Thumb Code    16  stm32f4xx_usart.o(.text)
    USART_OverSampling8Cmd                   0x08002c8b   Thumb Code    22  stm32f4xx_usart.o(.text)
    USART_OneBitMethodCmd                    0x08002ca1   Thumb Code    24  stm32f4xx_usart.o(.text)
    USART_SendData                           0x08002cb9   Thumb Code     8  stm32f4xx_usart.o(.text)
    USART_ReceiveData                        0x08002cc1   Thumb Code    10  stm32f4xx_usart.o(.text)
    USART_SetAddress                         0x08002ccb   Thumb Code    18  stm32f4xx_usart.o(.text)
    USART_ReceiverWakeUpCmd                  0x08002cdd   Thumb Code    24  stm32f4xx_usart.o(.text)
    USART_WakeUpConfig                       0x08002cf5   Thumb Code    18  stm32f4xx_usart.o(.text)
    USART_LINBreakDetectLengthConfig         0x08002d07   Thumb Code    18  stm32f4xx_usart.o(.text)
    USART_LINCmd                             0x08002d19   Thumb Code    24  stm32f4xx_usart.o(.text)
    USART_SendBreak                          0x08002d31   Thumb Code    10  stm32f4xx_usart.o(.text)
    USART_HalfDuplexCmd                      0x08002d3b   Thumb Code    24  stm32f4xx_usart.o(.text)
    USART_SetGuardTime                       0x08002d53   Thumb Code    16  stm32f4xx_usart.o(.text)
    USART_SmartCardCmd                       0x08002d63   Thumb Code    24  stm32f4xx_usart.o(.text)
    USART_SmartCardNACKCmd                   0x08002d7b   Thumb Code    24  stm32f4xx_usart.o(.text)
    USART_IrDAConfig                         0x08002d93   Thumb Code    18  stm32f4xx_usart.o(.text)
    USART_IrDACmd                            0x08002da5   Thumb Code    24  stm32f4xx_usart.o(.text)
    USART_DMACmd                             0x08002dbd   Thumb Code    18  stm32f4xx_usart.o(.text)
    USART_ITConfig                           0x08002dcf   Thumb Code    74  stm32f4xx_usart.o(.text)
    USART_GetFlagStatus                      0x08002e19   Thumb Code    26  stm32f4xx_usart.o(.text)
    USART_ClearFlag                          0x08002e33   Thumb Code    18  stm32f4xx_usart.o(.text)
    USART_GetITStatus                        0x08002e45   Thumb Code   118  stm32f4xx_usart.o(.text)
    USART_ClearITPendingBit                  0x08002ebb   Thumb Code    30  stm32f4xx_usart.o(.text)
    ADC_DeInit                               0x08002ed9   Thumb Code    22  stm32f4xx_adc.o(.text)
    ADC_Init                                 0x08002eef   Thumb Code    74  stm32f4xx_adc.o(.text)
    ADC_StructInit                           0x08002f39   Thumb Code    20  stm32f4xx_adc.o(.text)
    ADC_CommonInit                           0x08002f4d   Thumb Code    34  stm32f4xx_adc.o(.text)
    ADC_CommonStructInit                     0x08002f6f   Thumb Code    12  stm32f4xx_adc.o(.text)
    ADC_Cmd                                  0x08002f7b   Thumb Code    22  stm32f4xx_adc.o(.text)
    ADC_AnalogWatchdogCmd                    0x08002f91   Thumb Code    16  stm32f4xx_adc.o(.text)
    ADC_AnalogWatchdogThresholdsConfig       0x08002fa1   Thumb Code     6  stm32f4xx_adc.o(.text)
    ADC_AnalogWatchdogSingleChannelConfig    0x08002fa7   Thumb Code    16  stm32f4xx_adc.o(.text)
    ADC_TempSensorVrefintCmd                 0x08002fb7   Thumb Code    34  stm32f4xx_adc.o(.text)
    ADC_VBATCmd                              0x08002fd9   Thumb Code    34  stm32f4xx_adc.o(.text)
    ADC_RegularChannelConfig                 0x08002ffb   Thumb Code   184  stm32f4xx_adc.o(.text)
    ADC_SoftwareStartConv                    0x080030b3   Thumb Code    10  stm32f4xx_adc.o(.text)
    ADC_GetSoftwareStartConvStatus           0x080030bd   Thumb Code    20  stm32f4xx_adc.o(.text)
    ADC_EOCOnEachRegularChannelCmd           0x080030d1   Thumb Code    22  stm32f4xx_adc.o(.text)
    ADC_ContinuousModeCmd                    0x080030e7   Thumb Code    22  stm32f4xx_adc.o(.text)
    ADC_DiscModeChannelCountConfig           0x080030fd   Thumb Code    24  stm32f4xx_adc.o(.text)
    ADC_DiscModeCmd                          0x08003115   Thumb Code    22  stm32f4xx_adc.o(.text)
    ADC_GetConversionValue                   0x0800312b   Thumb Code     8  stm32f4xx_adc.o(.text)
    ADC_GetMultiModeConversionValue          0x08003133   Thumb Code     8  stm32f4xx_adc.o(.text)
    ADC_DMACmd                               0x0800313b   Thumb Code    22  stm32f4xx_adc.o(.text)
    ADC_DMARequestAfterLastTransferCmd       0x08003151   Thumb Code    22  stm32f4xx_adc.o(.text)
    ADC_MultiModeDMARequestAfterLastTransferCmd 0x08003167   Thumb Code    34  stm32f4xx_adc.o(.text)
    ADC_InjectedChannelConfig                0x08003189   Thumb Code   130  stm32f4xx_adc.o(.text)
    ADC_InjectedSequencerLengthConfig        0x0800320b   Thumb Code    24  stm32f4xx_adc.o(.text)
    ADC_SetInjectedOffset                    0x08003223   Thumb Code    20  stm32f4xx_adc.o(.text)
    ADC_ExternalTrigInjectedConvConfig       0x08003237   Thumb Code    16  stm32f4xx_adc.o(.text)
    ADC_ExternalTrigInjectedConvEdgeConfig   0x08003247   Thumb Code    16  stm32f4xx_adc.o(.text)
    ADC_SoftwareStartInjectedConv            0x08003257   Thumb Code    10  stm32f4xx_adc.o(.text)
    ADC_GetSoftwareStartInjectedConvCmdStatus 0x08003261   Thumb Code    20  stm32f4xx_adc.o(.text)
    ADC_AutoInjectedConvCmd                  0x08003275   Thumb Code    22  stm32f4xx_adc.o(.text)
    ADC_InjectedDiscModeCmd                  0x0800328b   Thumb Code    22  stm32f4xx_adc.o(.text)
    ADC_GetInjectedConversionValue           0x080032a1   Thumb Code    28  stm32f4xx_adc.o(.text)
    ADC_ITConfig                             0x080032bd   Thumb Code    56  stm32f4xx_adc.o(.text)
    ADC_GetFlagStatus                        0x080032f5   Thumb Code    18  stm32f4xx_adc.o(.text)
    ADC_ClearFlag                            0x08003307   Thumb Code     6  stm32f4xx_adc.o(.text)
    ADC_GetITStatus                          0x0800330d   Thumb Code    38  stm32f4xx_adc.o(.text)
    ADC_ClearITPendingBit                    0x08003333   Thumb Code    10  stm32f4xx_adc.o(.text)
    TIM_DeInit                               0x0800333d   Thumb Code   346  stm32f4xx_tim.o(.text)
    TIM_TimeBaseInit                         0x08003497   Thumb Code   104  stm32f4xx_tim.o(.text)
    TIM_TimeBaseStructInit                   0x080034ff   Thumb Code    18  stm32f4xx_tim.o(.text)
    TIM_PrescalerConfig                      0x08003511   Thumb Code     6  stm32f4xx_tim.o(.text)
    TIM_CounterModeConfig                    0x08003517   Thumb Code    18  stm32f4xx_tim.o(.text)
    TIM_SetCounter                           0x08003529   Thumb Code     4  stm32f4xx_tim.o(.text)
    TIM_SetAutoreload                        0x0800352d   Thumb Code     4  stm32f4xx_tim.o(.text)
    TIM_GetCounter                           0x08003531   Thumb Code     6  stm32f4xx_tim.o(.text)
    TIM_GetPrescaler                         0x08003537   Thumb Code     6  stm32f4xx_tim.o(.text)
    TIM_UpdateDisableConfig                  0x0800353d   Thumb Code    24  stm32f4xx_tim.o(.text)
    TIM_UpdateRequestConfig                  0x08003555   Thumb Code    24  stm32f4xx_tim.o(.text)
    TIM_ARRPreloadConfig                     0x0800356d   Thumb Code    24  stm32f4xx_tim.o(.text)
    TIM_SelectOnePulseMode                   0x08003585   Thumb Code    18  stm32f4xx_tim.o(.text)
    TIM_SetClockDivision                     0x08003597   Thumb Code    18  stm32f4xx_tim.o(.text)
    TIM_Cmd                                  0x080035a9   Thumb Code    24  stm32f4xx_tim.o(.text)
    TIM_OC1Init                              0x080035c1   Thumb Code   114  stm32f4xx_tim.o(.text)
    TIM_OC2Init                              0x08003633   Thumb Code   154  stm32f4xx_tim.o(.text)
    TIM_OC3Init                              0x080036cd   Thumb Code   204  stm32f4xx_tim.o(.text)
    TIM_OC4Init                              0x08003799   Thumb Code   112  stm32f4xx_tim.o(.text)
    TIM_OCStructInit                         0x08003809   Thumb Code    20  stm32f4xx_tim.o(.text)
    TIM_SelectOCxM                           0x0800381d   Thumb Code    86  stm32f4xx_tim.o(.text)
    TIM_SetCompare1                          0x08003873   Thumb Code     4  stm32f4xx_tim.o(.text)
    TIM_SetCompare2                          0x08003877   Thumb Code     4  stm32f4xx_tim.o(.text)
    TIM_SetCompare3                          0x0800387b   Thumb Code     4  stm32f4xx_tim.o(.text)
    TIM_SetCompare4                          0x0800387f   Thumb Code     4  stm32f4xx_tim.o(.text)
    TIM_ForcedOC1Config                      0x08003883   Thumb Code    18  stm32f4xx_tim.o(.text)
    TIM_ForcedOC2Config                      0x08003895   Thumb Code    26  stm32f4xx_tim.o(.text)
    TIM_ForcedOC3Config                      0x080038af   Thumb Code    18  stm32f4xx_tim.o(.text)
    TIM_ForcedOC4Config                      0x080038c1   Thumb Code    26  stm32f4xx_tim.o(.text)
    TIM_OC1PreloadConfig                     0x080038db   Thumb Code    18  stm32f4xx_tim.o(.text)
    TIM_OC2PreloadConfig                     0x080038ed   Thumb Code    26  stm32f4xx_tim.o(.text)
    TIM_OC3PreloadConfig                     0x08003907   Thumb Code    18  stm32f4xx_tim.o(.text)
    TIM_OC4PreloadConfig                     0x08003919   Thumb Code    26  stm32f4xx_tim.o(.text)
    TIM_OC1FastConfig                        0x08003933   Thumb Code    18  stm32f4xx_tim.o(.text)
    TIM_OC2FastConfig                        0x08003945   Thumb Code    26  stm32f4xx_tim.o(.text)
    TIM_OC3FastConfig                        0x0800395f   Thumb Code    18  stm32f4xx_tim.o(.text)
    TIM_OC4FastConfig                        0x08003971   Thumb Code    26  stm32f4xx_tim.o(.text)
    TIM_ClearOC1Ref                          0x0800398b   Thumb Code    18  stm32f4xx_tim.o(.text)
    TIM_ClearOC2Ref                          0x0800399d   Thumb Code    24  stm32f4xx_tim.o(.text)
    TIM_ClearOC3Ref                          0x080039b5   Thumb Code    18  stm32f4xx_tim.o(.text)
    TIM_ClearOC4Ref                          0x080039c7   Thumb Code    24  stm32f4xx_tim.o(.text)
    TIM_OC1PolarityConfig                    0x080039df   Thumb Code    18  stm32f4xx_tim.o(.text)
    TIM_OC1NPolarityConfig                   0x080039f1   Thumb Code    18  stm32f4xx_tim.o(.text)
    TIM_OC2PolarityConfig                    0x08003a03   Thumb Code    26  stm32f4xx_tim.o(.text)
    TIM_OC2NPolarityConfig                   0x08003a1d   Thumb Code    26  stm32f4xx_tim.o(.text)
    TIM_OC3PolarityConfig                    0x08003a37   Thumb Code    26  stm32f4xx_tim.o(.text)
    TIM_OC3NPolarityConfig                   0x08003a51   Thumb Code    26  stm32f4xx_tim.o(.text)
    TIM_OC4PolarityConfig                    0x08003a6b   Thumb Code    26  stm32f4xx_tim.o(.text)
    TIM_CCxCmd                               0x08003a85   Thumb Code    30  stm32f4xx_tim.o(.text)
    TIM_CCxNCmd                              0x08003aa3   Thumb Code    30  stm32f4xx_tim.o(.text)
    TIM_SetIC4Prescaler                      0x08003ac1   Thumb Code    26  stm32f4xx_tim.o(.text)
    TIM_SetIC3Prescaler                      0x08003b2b   Thumb Code    18  stm32f4xx_tim.o(.text)
    TIM_SetIC2Prescaler                      0x08003b85   Thumb Code    26  stm32f4xx_tim.o(.text)
    TIM_SetIC1Prescaler                      0x08003bf9   Thumb Code    18  stm32f4xx_tim.o(.text)
    TIM_ICInit                               0x08003c45   Thumb Code   110  stm32f4xx_tim.o(.text)
    TIM_ICStructInit                         0x08003cb3   Thumb Code    18  stm32f4xx_tim.o(.text)
    TIM_PWMIConfig                           0x08003cc5   Thumb Code   124  stm32f4xx_tim.o(.text)
    TIM_GetCapture1                          0x08003d41   Thumb Code     6  stm32f4xx_tim.o(.text)
    TIM_GetCapture2                          0x08003d47   Thumb Code     6  stm32f4xx_tim.o(.text)
    TIM_GetCapture3                          0x08003d4d   Thumb Code     6  stm32f4xx_tim.o(.text)
    TIM_GetCapture4                          0x08003d53   Thumb Code     6  stm32f4xx_tim.o(.text)
    TIM_BDTRConfig                           0x08003d59   Thumb Code    32  stm32f4xx_tim.o(.text)
    TIM_BDTRStructInit                       0x08003d79   Thumb Code    18  stm32f4xx_tim.o(.text)
    TIM_CtrlPWMOutputs                       0x08003d8b   Thumb Code    30  stm32f4xx_tim.o(.text)
    TIM_SelectCOM                            0x08003da9   Thumb Code    24  stm32f4xx_tim.o(.text)
    TIM_CCPreloadControl                     0x08003dc1   Thumb Code    24  stm32f4xx_tim.o(.text)
    TIM_ITConfig                             0x08003dd9   Thumb Code    18  stm32f4xx_tim.o(.text)
    TIM_GenerateEvent                        0x08003deb   Thumb Code     4  stm32f4xx_tim.o(.text)
    TIM_GetFlagStatus                        0x08003def   Thumb Code    18  stm32f4xx_tim.o(.text)
    TIM_ClearFlag                            0x08003e01   Thumb Code     6  stm32f4xx_tim.o(.text)
    TIM_GetITStatus                          0x08003e07   Thumb Code    34  stm32f4xx_tim.o(.text)
    TIM_ClearITPendingBit                    0x08003e29   Thumb Code     6  stm32f4xx_tim.o(.text)
    TIM_DMAConfig                            0x08003e2f   Thumb Code    10  stm32f4xx_tim.o(.text)
    TIM_DMACmd                               0x08003e39   Thumb Code    18  stm32f4xx_tim.o(.text)
    TIM_SelectCCDMA                          0x08003e4b   Thumb Code    24  stm32f4xx_tim.o(.text)
    TIM_InternalClockConfig                  0x08003e63   Thumb Code    12  stm32f4xx_tim.o(.text)
    TIM_SelectInputTrigger                   0x08003e6f   Thumb Code    18  stm32f4xx_tim.o(.text)
    TIM_ITRxExternalClockConfig              0x08003e81   Thumb Code    24  stm32f4xx_tim.o(.text)
    TIM_TIxExternalClockConfig               0x08003e99   Thumb Code    62  stm32f4xx_tim.o(.text)
    TIM_ETRConfig                            0x08003ed7   Thumb Code    28  stm32f4xx_tim.o(.text)
    TIM_ETRClockMode1Config                  0x08003ef3   Thumb Code    54  stm32f4xx_tim.o(.text)
    TIM_ETRClockMode2Config                  0x08003f29   Thumb Code    32  stm32f4xx_tim.o(.text)
    TIM_SelectOutputTrigger                  0x08003f49   Thumb Code    18  stm32f4xx_tim.o(.text)
    TIM_SelectSlaveMode                      0x08003f5b   Thumb Code    18  stm32f4xx_tim.o(.text)
    TIM_SelectMasterSlaveMode                0x08003f6d   Thumb Code    18  stm32f4xx_tim.o(.text)
    TIM_EncoderInterfaceConfig               0x08003f7f   Thumb Code    66  stm32f4xx_tim.o(.text)
    TIM_SelectHallSensor                     0x08003fc1   Thumb Code    24  stm32f4xx_tim.o(.text)
    TIM_RemapConfig                          0x08003fd9   Thumb Code     6  stm32f4xx_tim.o(.text)
    DMA_DeInit                               0x08003fe1   Thumb Code   324  stm32f4xx_dma.o(.text)
    DMA_Init                                 0x08004125   Thumb Code    82  stm32f4xx_dma.o(.text)
    DMA_StructInit                           0x08004177   Thumb Code    34  stm32f4xx_dma.o(.text)
    DMA_Cmd                                  0x08004199   Thumb Code    22  stm32f4xx_dma.o(.text)
    DMA_PeriphIncOffsetSizeConfig            0x080041af   Thumb Code    22  stm32f4xx_dma.o(.text)
    DMA_FlowControllerConfig                 0x080041c5   Thumb Code    22  stm32f4xx_dma.o(.text)
    DMA_SetCurrDataCounter                   0x080041db   Thumb Code     4  stm32f4xx_dma.o(.text)
    DMA_GetCurrDataCounter                   0x080041df   Thumb Code     8  stm32f4xx_dma.o(.text)
    DMA_DoubleBufferModeConfig               0x080041e7   Thumb Code    24  stm32f4xx_dma.o(.text)
    DMA_DoubleBufferModeCmd                  0x080041ff   Thumb Code    22  stm32f4xx_dma.o(.text)
    DMA_MemoryTargetConfig                   0x08004215   Thumb Code    10  stm32f4xx_dma.o(.text)
    DMA_GetCurrentMemoryTarget               0x0800421f   Thumb Code    20  stm32f4xx_dma.o(.text)
    DMA_GetCmdStatus                         0x08004233   Thumb Code    20  stm32f4xx_dma.o(.text)
    DMA_GetFIFOStatus                        0x08004247   Thumb Code    12  stm32f4xx_dma.o(.text)
    DMA_GetFlagStatus                        0x08004253   Thumb Code    56  stm32f4xx_dma.o(.text)
    DMA_ClearFlag                            0x0800428b   Thumb Code    40  stm32f4xx_dma.o(.text)
    DMA_ITConfig                             0x080042b3   Thumb Code    58  stm32f4xx_dma.o(.text)
    DMA_GetITStatus                          0x080042ed   Thumb Code    84  stm32f4xx_dma.o(.text)
    DMA_ClearITPendingBit                    0x08004341   Thumb Code    40  stm32f4xx_dma.o(.text)
    EXTI_DeInit                              0x08004389   Thumb Code    28  stm32f4xx_exti.o(.text)
    EXTI_Init                                0x080043a5   Thumb Code   142  stm32f4xx_exti.o(.text)
    EXTI_StructInit                          0x08004433   Thumb Code    16  stm32f4xx_exti.o(.text)
    EXTI_GenerateSWInterrupt                 0x08004443   Thumb Code    16  stm32f4xx_exti.o(.text)
    EXTI_GetFlagStatus                       0x08004453   Thumb Code    22  stm32f4xx_exti.o(.text)
    EXTI_ClearFlag                           0x08004469   Thumb Code     8  stm32f4xx_exti.o(.text)
    EXTI_GetITStatus                         0x08004471   Thumb Code    22  stm32f4xx_exti.o(.text)
    EXTI_ClearITPendingBit                   0x08004487   Thumb Code     8  stm32f4xx_exti.o(.text)
    __aeabi_memcpy4                          0x08004499   Thumb Code     0  rt_memcpy_w.o(.text)
    __aeabi_memcpy8                          0x08004499   Thumb Code     0  rt_memcpy_w.o(.text)
    __rt_memcpy_w                            0x08004499   Thumb Code   100  rt_memcpy_w.o(.text)
    _memcpy_lastbytes_aligned                0x080044e1   Thumb Code     0  rt_memcpy_w.o(.text)
    __use_two_region_memory                  0x080044fd   Thumb Code     2  heapauxi.o(.text)
    __rt_heap_escrow$2region                 0x080044ff   Thumb Code     2  heapauxi.o(.text)
    __rt_heap_expand$2region                 0x08004501   Thumb Code     2  heapauxi.o(.text)
    __user_setup_stackheap                   0x08004503   Thumb Code    74  sys_stackheap_outer.o(.text)
    exit                                     0x0800454d   Thumb Code    18  exit.o(.text)
    __user_libspace                          0x08004561   Thumb Code     8  libspace.o(.text)
    __user_perproc_libspace                  0x08004561   Thumb Code     0  libspace.o(.text)
    __user_perthread_libspace                0x08004561   Thumb Code     0  libspace.o(.text)
    _sys_exit                                0x08004569   Thumb Code     8  sys_exit.o(.text)
    __I$use$semihosting                      0x08004575   Thumb Code     0  use_no_semi.o(.text)
    __use_no_semihosting_swi                 0x08004575   Thumb Code     2  use_no_semi.o(.text)
    __semihosting_library_function           0x08004577   Thumb Code     0  indicate_semi.o(.text)
    __aeabi_dadd                             0x08004579   Thumb Code     0  daddsub_clz.o(x$fpl$dadd)
    _dadd                                    0x08004579   Thumb Code   332  daddsub_clz.o(x$fpl$dadd)
    __aeabi_ddiv                             0x080046c9   Thumb Code     0  ddiv.o(x$fpl$ddiv)
    _ddiv                                    0x080046c9   Thumb Code   552  ddiv.o(x$fpl$ddiv)
    __aeabi_d2uiz                            0x08004979   Thumb Code     0  dfixu.o(x$fpl$dfixu)
    _dfixu                                   0x08004979   Thumb Code    90  dfixu.o(x$fpl$dfixu)
    __aeabi_ui2d                             0x080049d3   Thumb Code     0  dflt_clz.o(x$fpl$dfltu)
    _dfltu                                   0x080049d3   Thumb Code    38  dflt_clz.o(x$fpl$dfltu)
    __fpl_dnaninf                            0x080049f9   Thumb Code   156  dnaninf.o(x$fpl$dnaninf)
    __fpl_dretinf                            0x08004a95   Thumb Code    12  dretinf.o(x$fpl$dretinf)
    __aeabi_dsub                             0x08004aa1   Thumb Code     0  daddsub_clz.o(x$fpl$dsub)
    _dsub                                    0x08004aa1   Thumb Code   464  daddsub_clz.o(x$fpl$dsub)
    _fp_init                                 0x08004c75   Thumb Code    10  fpinit.o(x$fpl$fpinit)
    __fplib_config_fpu_vfp                   0x08004c7d   Thumb Code     0  fpinit.o(x$fpl$fpinit)
    __fplib_config_pureend_doubles           0x08004c7d   Thumb Code     0  fpinit.o(x$fpl$fpinit)
    __I$use$fp                               0x08004c7e   Number         0  usenofp.o(x$fpl$usenofp)
    F6x8                                     0x08004ca0   Data         552  oled.o(.constdata)
    F8X16                                    0x08004ec8   Data        1520  oled.o(.constdata)
    Region$$Table$$Base                      0x080054b8   Number         0  anon$$obj.o(Region$$Table)
    Region$$Table$$Limit                     0x080054d8   Number         0  anon$$obj.o(Region$$Table)
    SH_period                                0x20000000   Data           4  main.o(.data)
    ICG_period                               0x20000004   Data           4  main.o(.data)
    change_exposure_flag                     0x20000008   Data           1  main.o(.data)
    transmit_data_flag                       0x20000009   Data           1  main.o(.data)
    pulse_counter                            0x2000000a   Data           1  main.o(.data)
    CCD_flushed                              0x2000000b   Data           1  main.o(.data)
    flashled                                 0x2000000c   Data           1  main.o(.data)
    echo_pc                                  0x2000000d   Data           1  stm32f4xx_it.o(.data)
    isalert                                  0x2000000e   Data           1  stm32f4xx_it.o(.data)
    isalerted                                0x2000000f   Data           1  stm32f4xx_it.o(.data)
    is_update_oled                           0x20000010   Data           1  stm32f4xx_it.o(.data)
    SystemCoreClock                          0x20000014   Data           4  system_stm32f4xx.o(.data)
    AHBPrescTable                            0x20000018   Data          16  system_stm32f4xx.o(.data)
    apb1_freq                                0x20000028   Data           4  timer_conf.o(.data)
    BMP1                                     0x2000002c   Data        1024  wer_task.o(.data)
    Hzk                                      0x20000431   Data         896  oled.o(.data)
    Hzk_wer                                  0x200007b1   Data         832  oled.o(.data)
    aTxBuffer                                0x20000b04   Data        7388  main.o(.bss)
    aRxBuffer                                0x200027e0   Data          12  main.o(.bss)
    nRxBuffer                                0x200027ec   Data          12  main.o(.bss)
    real_data                                0x200027f8   Data        3648  main.o(.bss)
    sorted_data                              0x20003638   Data          60  main.o(.bss)
    echo_data                                0x20003674   Data          60  main.o(.bss)
    after_calman                             0x200036b0   Data       14592  main.o(.bss)
    rec_data                                 0x20006fb0   Data          12  main.o(.bss)
    __libspace_start                         0x20006fbc   Data          96  libspace.o(.bss)
    __temporary_stack_top$libspace           0x2000701c   Data           0  libspace.o(.bss)



==============================================================================

Memory Map of the image

  Image Entry point : 0x08000189

  Load Region LR_IROM1 (Base: 0x08000000, Size: 0x00005fdc, Max: 0x00040000, ABSOLUTE, COMPRESSED[0x0000587c])

    Execution Region ER_IROM1 (Exec base: 0x08000000, Load base: 0x08000000, Size: 0x000054d8, Max: 0x00040000, ABSOLUTE)

    Exec Addr    Load Addr    Size         Type   Attr      Idx    E Section Name        Object

    0x08000000   0x08000000   0x00000188   Data   RO          524    RESET               startup_stm32f40_41xxx.o
    0x08000188   0x08000188   0x00000008   Code   RO          757  * !!!main             c_w.l(__main.o)
    0x08000190   0x08000190   0x00000034   Code   RO          941    !!!scatter          c_w.l(__scatter.o)
    0x080001c4   0x080001c4   0x0000005a   Code   RO          939    !!dczerorl2         c_w.l(__dczerorl2.o)
    0x0800021e   0x0800021e   0x00000002   PAD
    0x08000220   0x08000220   0x0000001c   Code   RO          943    !!handler_zi        c_w.l(__scatter_zi.o)
    0x0800023c   0x0800023c   0x00000002   Code   RO          809    .ARM.Collect$$libinit$$00000000  c_w.l(libinit.o)
    0x0800023e   0x0800023e   0x00000004   Code   RO          815    .ARM.Collect$$libinit$$00000001  c_w.l(libinit2.o)
    0x08000242   0x08000242   0x00000000   Code   RO          818    .ARM.Collect$$libinit$$00000004  c_w.l(libinit2.o)
    0x08000242   0x08000242   0x00000000   Code   RO          821    .ARM.Collect$$libinit$$0000000A  c_w.l(libinit2.o)
    0x08000242   0x08000242   0x00000000   Code   RO          823    .ARM.Collect$$libinit$$0000000C  c_w.l(libinit2.o)
    0x08000242   0x08000242   0x00000000   Code   RO          825    .ARM.Collect$$libinit$$0000000E  c_w.l(libinit2.o)
    0x08000242   0x08000242   0x00000000   Code   RO          828    .ARM.Collect$$libinit$$00000011  c_w.l(libinit2.o)
    0x08000242   0x08000242   0x00000000   Code   RO          830    .ARM.Collect$$libinit$$00000013  c_w.l(libinit2.o)
    0x08000242   0x08000242   0x00000000   Code   RO          832    .ARM.Collect$$libinit$$00000015  c_w.l(libinit2.o)
    0x08000242   0x08000242   0x00000000   Code   RO          834    .ARM.Collect$$libinit$$00000017  c_w.l(libinit2.o)
    0x08000242   0x08000242   0x00000000   Code   RO          836    .ARM.Collect$$libinit$$00000019  c_w.l(libinit2.o)
    0x08000242   0x08000242   0x00000000   Code   RO          838    .ARM.Collect$$libinit$$0000001B  c_w.l(libinit2.o)
    0x08000242   0x08000242   0x00000000   Code   RO          840    .ARM.Collect$$libinit$$0000001D  c_w.l(libinit2.o)
    0x08000242   0x08000242   0x00000000   Code   RO          842    .ARM.Collect$$libinit$$0000001F  c_w.l(libinit2.o)
    0x08000242   0x08000242   0x00000000   Code   RO          844    .ARM.Collect$$libinit$$00000021  c_w.l(libinit2.o)
    0x08000242   0x08000242   0x00000000   Code   RO          846    .ARM.Collect$$libinit$$00000023  c_w.l(libinit2.o)
    0x08000242   0x08000242   0x00000000   Code   RO          848    .ARM.Collect$$libinit$$00000025  c_w.l(libinit2.o)
    0x08000242   0x08000242   0x00000000   Code   RO          852    .ARM.Collect$$libinit$$0000002C  c_w.l(libinit2.o)
    0x08000242   0x08000242   0x00000000   Code   RO          854    .ARM.Collect$$libinit$$0000002E  c_w.l(libinit2.o)
    0x08000242   0x08000242   0x00000000   Code   RO          856    .ARM.Collect$$libinit$$00000030  c_w.l(libinit2.o)
    0x08000242   0x08000242   0x00000000   Code   RO          858    .ARM.Collect$$libinit$$00000032  c_w.l(libinit2.o)
    0x08000242   0x08000242   0x00000002   Code   RO          859    .ARM.Collect$$libinit$$00000033  c_w.l(libinit2.o)
    0x08000244   0x08000244   0x00000002   Code   RO          879    .ARM.Collect$$libshutdown$$00000000  c_w.l(libshutdown.o)
    0x08000246   0x08000246   0x00000000   Code   RO          892    .ARM.Collect$$libshutdown$$00000002  c_w.l(libshutdown2.o)
    0x08000246   0x08000246   0x00000000   Code   RO          894    .ARM.Collect$$libshutdown$$00000004  c_w.l(libshutdown2.o)
    0x08000246   0x08000246   0x00000000   Code   RO          897    .ARM.Collect$$libshutdown$$00000007  c_w.l(libshutdown2.o)
    0x08000246   0x08000246   0x00000000   Code   RO          900    .ARM.Collect$$libshutdown$$0000000A  c_w.l(libshutdown2.o)
    0x08000246   0x08000246   0x00000000   Code   RO          902    .ARM.Collect$$libshutdown$$0000000C  c_w.l(libshutdown2.o)
    0x08000246   0x08000246   0x00000000   Code   RO          905    .ARM.Collect$$libshutdown$$0000000F  c_w.l(libshutdown2.o)
    0x08000246   0x08000246   0x00000002   Code   RO          906    .ARM.Collect$$libshutdown$$00000010  c_w.l(libshutdown2.o)
    0x08000248   0x08000248   0x00000000   Code   RO          779    .ARM.Collect$$rtentry$$00000000  c_w.l(__rtentry.o)
    0x08000248   0x08000248   0x00000000   Code   RO          786    .ARM.Collect$$rtentry$$00000002  c_w.l(__rtentry2.o)
    0x08000248   0x08000248   0x00000006   Code   RO          798    .ARM.Collect$$rtentry$$00000004  c_w.l(__rtentry4.o)
    0x0800024e   0x0800024e   0x00000000   Code   RO          788    .ARM.Collect$$rtentry$$00000009  c_w.l(__rtentry2.o)
    0x0800024e   0x0800024e   0x00000004   Code   RO          789    .ARM.Collect$$rtentry$$0000000A  c_w.l(__rtentry2.o)
    0x08000252   0x08000252   0x00000000   Code   RO          791    .ARM.Collect$$rtentry$$0000000C  c_w.l(__rtentry2.o)
    0x08000252   0x08000252   0x00000008   Code   RO          792    .ARM.Collect$$rtentry$$0000000D  c_w.l(__rtentry2.o)
    0x0800025a   0x0800025a   0x00000002   Code   RO          813    .ARM.Collect$$rtexit$$00000000  c_w.l(rtexit.o)
    0x0800025c   0x0800025c   0x00000000   Code   RO          861    .ARM.Collect$$rtexit$$00000002  c_w.l(rtexit2.o)
    0x0800025c   0x0800025c   0x00000004   Code   RO          862    .ARM.Collect$$rtexit$$00000003  c_w.l(rtexit2.o)
    0x08000260   0x08000260   0x00000006   Code   RO          863    .ARM.Collect$$rtexit$$00000004  c_w.l(rtexit2.o)
    0x08000266   0x08000266   0x00000002   PAD
    0x08000268   0x08000268   0x00000100   Code   RO            3    .text               adc_conf.o
    0x08000368   0x08000368   0x0000035c   Code   RO          134    .text               main.o
    0x080006c4   0x080006c4   0x000001f8   Code   RO          195    .text               stm32f4xx_it.o
    0x080008bc   0x080008bc   0x0000020c   Code   RO          219    .text               system_stm32f4xx.o
    0x08000ac8   0x08000ac8   0x0000030c   Code   RO          245    .text               timer_conf.o
    0x08000dd4   0x08000dd4   0x0000022c   Code   RO          270    .text               uart_conf.o
    0x08001000   0x08001000   0x00000338   Code   RO          325    .text               wer_task.o
    0x08001338   0x08001338   0x00000104   Code   RO          354    .text               delay.o
    0x0800143c   0x0800143c   0x00000168   Code   RO          412    .text               kalman.o
    0x080015a4   0x080015a4   0x0000025c   Code   RO          436    .text               myiic.o
    0x08001800   0x08001800   0x0000009c   Code   RO          456    .text               sht30.o
    0x0800189c   0x0800189c   0x000000dc   Code   RO          476    .text               key.o
    0x08001978   0x08001978   0x00000668   Code   RO          497    .text               oled.o
    0x08001fe0   0x08001fe0   0x00000040   Code   RO          525    .text               startup_stm32f40_41xxx.o
    0x08002020   0x08002020   0x000000e0   Code   RO          531    .text               misc.o
    0x08002100   0x08002100   0x00000294   Code   RO          551    .text               stm32f4xx_gpio.o
    0x08002394   0x08002394   0x0000065c   Code   RO          571    .text               stm32f4xx_rcc.o
    0x080029f0   0x080029f0   0x00000094   Code   RO          593    .text               stm32f4xx_syscfg.o
    0x08002a84   0x08002a84   0x00000454   Code   RO          613    .text               stm32f4xx_usart.o
    0x08002ed8   0x08002ed8   0x00000464   Code   RO          633    .text               stm32f4xx_adc.o
    0x0800333c   0x0800333c   0x00000ca2   Code   RO          653    .text               stm32f4xx_tim.o
    0x08003fde   0x08003fde   0x00000002   PAD
    0x08003fe0   0x08003fe0   0x000003a8   Code   RO          673    .text               stm32f4xx_dma.o
    0x08004388   0x08004388   0x00000110   Code   RO          733    .text               stm32f4xx_exti.o
    0x08004498   0x08004498   0x00000064   Code   RO          753    .text               c_w.l(rt_memcpy_w.o)
    0x080044fc   0x080044fc   0x00000006   Code   RO          755    .text               c_w.l(heapauxi.o)
    0x08004502   0x08004502   0x0000004a   Code   RO          800    .text               c_w.l(sys_stackheap_outer.o)
    0x0800454c   0x0800454c   0x00000012   Code   RO          802    .text               c_w.l(exit.o)
    0x0800455e   0x0800455e   0x00000002   PAD
    0x08004560   0x08004560   0x00000008   Code   RO          810    .text               c_w.l(libspace.o)
    0x08004568   0x08004568   0x0000000c   Code   RO          871    .text               c_w.l(sys_exit.o)
    0x08004574   0x08004574   0x00000002   Code   RO          882    .text               c_w.l(use_no_semi.o)
    0x08004576   0x08004576   0x00000000   Code   RO          884    .text               c_w.l(indicate_semi.o)
    0x08004576   0x08004576   0x00000002   PAD
    0x08004578   0x08004578   0x00000150   Code   RO          759    x$fpl$dadd          fz_wm.l(daddsub_clz.o)
    0x080046c8   0x080046c8   0x000002b0   Code   RO          766    x$fpl$ddiv          fz_wm.l(ddiv.o)
    0x08004978   0x08004978   0x0000005a   Code   RO          769    x$fpl$dfixu         fz_wm.l(dfixu.o)
    0x080049d2   0x080049d2   0x00000026   Code   RO          773    x$fpl$dfltu         fz_wm.l(dflt_clz.o)
    0x080049f8   0x080049f8   0x0000009c   Code   RO          780    x$fpl$dnaninf       fz_wm.l(dnaninf.o)
    0x08004a94   0x08004a94   0x0000000c   Code   RO          782    x$fpl$dretinf       fz_wm.l(dretinf.o)
    0x08004aa0   0x08004aa0   0x000001d4   Code   RO          761    x$fpl$dsub          fz_wm.l(daddsub_clz.o)
    0x08004c74   0x08004c74   0x0000000a   Code   RO          869    x$fpl$fpinit        fz_wm.l(fpinit.o)
    0x08004c7e   0x08004c7e   0x00000000   Code   RO          784    x$fpl$usenofp       fz_wm.l(usenofp.o)
    0x08004c7e   0x08004c7e   0x00000002   PAD
    0x08004c80   0x08004c80   0x00000020   Data   RO          246    .constdata          timer_conf.o
    0x08004ca0   0x08004ca0   0x00000818   Data   RO          498    .constdata          oled.o
    0x080054b8   0x080054b8   0x00000020   Data   RO          937    Region$$Table       anon$$obj.o


    Execution Region RW_IRAM1 (Exec base: 0x20000000, Load base: 0x080054d8, Size: 0x00007620, Max: 0x00010000, ABSOLUTE, COMPRESSED[0x000003a4])

    Exec Addr    Load Addr    Size         Type   Attr      Idx    E Section Name        Object

    0x20000000   COMPRESSED   0x0000000d   Data   RW          136    .data               main.o
    0x2000000d   COMPRESSED   0x00000005   Data   RW          196    .data               stm32f4xx_it.o
    0x20000012   COMPRESSED   0x00000002   PAD
    0x20000014   COMPRESSED   0x00000014   Data   RW          220    .data               system_stm32f4xx.o
    0x20000028   COMPRESSED   0x00000004   Data   RW          247    .data               timer_conf.o
    0x2000002c   COMPRESSED   0x00000400   Data   RW          326    .data               wer_task.o
    0x2000042c   COMPRESSED   0x00000004   Data   RW          355    .data               delay.o
    0x20000430   COMPRESSED   0x00000001   Data   RW          477    .data               key.o
    0x20000431   COMPRESSED   0x000006c0   Data   RW          499    .data               oled.o
    0x20000af1   COMPRESSED   0x00000010   Data   RW          572    .data               stm32f4xx_rcc.o
    0x20000b01   COMPRESSED   0x00000003   PAD
    0x20000b04        -       0x000064b8   Zero   RW          135    .bss                main.o
    0x20006fbc        -       0x00000060   Zero   RW          811    .bss                c_w.l(libspace.o)
    0x2000701c   COMPRESSED   0x00000004   PAD
    0x20007020        -       0x00000200   Zero   RW          523    HEAP                startup_stm32f40_41xxx.o
    0x20007220        -       0x00000400   Zero   RW          522    STACK               startup_stm32f40_41xxx.o


==============================================================================

Image component sizes


      Code (inc. data)   RO Data    RW Data    ZI Data      Debug   Object Name

       256         16          0          0          0     311136   adc_conf.o
       260          8          0          4          0       1501   delay.o
       360         20          0          0          0       1901   kalman.o
       220         12          0          1          0       1140   key.o
       860         80          0         13      25784       4992   main.o
       224         20          0          0          0       1837   misc.o
       604         14          0          0          0       1932   myiic.o
      1640         30       2072       1728          0       7241   oled.o
       156          0          0          0          0        862   sht30.o
        64         26        392          0       1536        848   startup_stm32f40_41xxx.o
      1124         24          0          0          0      10710   stm32f4xx_adc.o
       936         32          0          0          0       6413   stm32f4xx_dma.o
       272         10          0          0          0       2307   stm32f4xx_exti.o
       660         44          0          0          0       4177   stm32f4xx_gpio.o
       504         68          0          5          0       3305   stm32f4xx_it.o
      1628         52          0         16          0      13064   stm32f4xx_rcc.o
       148         12          0          0          0       1853   stm32f4xx_syscfg.o
      3234         60          0          0          0      23036   stm32f4xx_tim.o
      1108         34          0          0          0       7904   stm32f4xx_usart.o
       524         46          0         20          0       1847   system_stm32f4xx.o
       780         52         32          4          0       1888   timer_conf.o
       556         30          0          0          0       1475   uart_conf.o
       824         62          0       1024          0       4455   wer_task.o

    ----------------------------------------------------------------------
     16944        752       2528       2820      27320     415824   Object Totals
         0          0         32          0          0          0   (incl. Generated)
         2          0          0          5          0          0   (incl. Padding)

    ----------------------------------------------------------------------

      Code (inc. data)   RO Data    RW Data    ZI Data      Debug   Library Member Name

        90          0          0          0          0          0   __dczerorl2.o
         8          0          0          0          0         68   __main.o
         0          0          0          0          0          0   __rtentry.o
        12          0          0          0          0          0   __rtentry2.o
         6          0          0          0          0          0   __rtentry4.o
        52          8          0          0          0          0   __scatter.o
        28          0          0          0          0          0   __scatter_zi.o
        18          0          0          0          0         80   exit.o
         6          0          0          0          0        152   heapauxi.o
         0          0          0          0          0          0   indicate_semi.o
         2          0          0          0          0          0   libinit.o
         6          0          0          0          0          0   libinit2.o
         2          0          0          0          0          0   libshutdown.o
         2          0          0          0          0          0   libshutdown2.o
         8          4          0          0         96         68   libspace.o
       100          0          0          0          0         80   rt_memcpy_w.o
         2          0          0          0          0          0   rtexit.o
        10          0          0          0          0          0   rtexit2.o
        12          4          0          0          0         68   sys_exit.o
        74          0          0          0          0         80   sys_stackheap_outer.o
         2          0          0          0          0         68   use_no_semi.o
       804         16          0          0          0        368   daddsub_clz.o
       688        140          0          0          0        256   ddiv.o
        90          4          0          0          0        140   dfixu.o
        38          0          0          0          0        116   dflt_clz.o
       156          4          0          0          0        140   dnaninf.o
        12          0          0          0          0        116   dretinf.o
        10          0          0          0          0        116   fpinit.o
         0          0          0          0          0          0   usenofp.o

    ----------------------------------------------------------------------
      2248        180          0          0        100       1916   Library Totals
        10          0          0          0          4          0   (incl. Padding)

    ----------------------------------------------------------------------

      Code (inc. data)   RO Data    RW Data    ZI Data      Debug   Library Name

       440         16          0          0         96        664   c_w.l
      1798        164          0          0          0       1252   fz_wm.l

    ----------------------------------------------------------------------
      2248        180          0          0        100       1916   Library Totals

    ----------------------------------------------------------------------

==============================================================================


      Code (inc. data)   RO Data    RW Data    ZI Data      Debug   

     19192        932       2528       2820      27420     412232   Grand Totals
     19192        932       2528        932      27420     412232   ELF Image Totals (compressed)
     19192        932       2528        932          0          0   ROM Totals

==============================================================================

    Total RO  Size (Code + RO Data)                21720 (  21.21kB)
    Total RW  Size (RW Data + ZI Data)             30240 (  29.53kB)
    Total ROM Size (Code + RO Data + RW Data)      22652 (  22.12kB)

==============================================================================

